
 /----------------------------------------------------------------------------\
 |  yosys -- Yosys Open SYnthesis Suite                                       |
 |  Copyright (C) 2012 - 2025  Claire Xenia Wolf <claire@yosyshq.com>         |
 |  Distributed under an ISC-like license, type "license" to see terms        |
 \----------------------------------------------------------------------------/
 Yosys 0.55+150 (git sha1 15b4716d1, clang++ 18.1.8 -fPIC -O3)

-- Executing script file `-' --
[TCL: yosys -import] Command name collision: found pre-existing command `cd' -> skip.
[TCL: yosys -import] Command name collision: found pre-existing command `eval' -> skip.
[TCL: yosys -import] Command name collision: found pre-existing command `exec' -> skip.
[TCL: yosys -import] Command name collision: found pre-existing command `read' -> skip.
[TCL: yosys -import] Command name collision: found pre-existing command `trace' -> skip.

1. Executing Verilog-2005 frontend: /home/shitful/1s1x/ysyx-workbench/misc_items/expE5/result/top_e7-500MHz/top_e7.netlist.fixed.v
Parsing Verilog input from `/home/shitful/1s1x/ysyx-workbench/misc_items/expE5/result/top_e7-500MHz/top_e7.netlist.fixed.v' to AST representation.
Generating RTLIL representation for module `\top_e7'.
Successfully finished Verilog frontend.

2. Executing Liberty frontend: /home/shitful/1s1x/ysyx-workbench/misc_items/expE5/scripts/../pdk/nangate45/lib/Nangate45_fast.lib
Imported 134 cell types from liberty file.

3. Executing HIERARCHY pass (managing design hierarchy).

3.1. Analyzing design hierarchy..
Top module:  \top_e7

3.2. Analyzing design hierarchy..
Top module:  \top_e7
Removed 0 unused modules.

4. Executing CHECK pass (checking for obvious problems).
Checking module top_e7...
Found and reported 0 problems.

5. Printing statistics.

=== top_e7 ===

   Number of wires:               1377
   Number of wire bits:           1616
   Number of public wires:        1377
   Number of public wire bits:    1616
   Number of ports:                 10
   Number of port bits:             46
   Number of memories:               0
   Number of memory bits:            0
   Number of processes:              0
   Number of cells:               1325
     AND2_X1                        54
     AND2_X2                        12
     AND2_X4                         6
     AND3_X1                        23
     AND3_X2                         2
     AND3_X4                         1
     AND4_X1                        24
     AOI211_X1                      22
     AOI21_X1                       32
     AOI21_X4                        1
     AOI221_X4                       1
     AOI22_X1                        4
     BUF_X2                         20
     BUF_X4                         11
     BUF_X8                         10
     CLKBUF_X2                       4
     CLKGATE_X1                    141
     DFF_X1                        285
     INV_X1                         71
     INV_X2                          4
     INV_X32                         1
     INV_X4                          6
     INV_X8                          1
     LOGIC0_X1                       1
     MUX2_X1                        65
     MUX2_X2                         7
     NAND2_X1                       61
     NAND2_X2                        2
     NAND2_X4                        5
     NAND3_X1                       51
     NAND4_X1                        9
     NOR2_X1                        70
     NOR2_X2                        11
     NOR2_X4                         5
     NOR3_X1                        39
     NOR3_X4                         1
     NOR4_X1                        47
     OAI211_X1                      35
     OAI211_X2                       1
     OAI21_X1                       57
     OAI221_X1                       8
     OAI221_X2                       1
     OAI22_X1                       19
     OAI22_X2                        1
     OR2_X1                         17
     OR2_X2                          5
     OR2_X4                          3
     OR3_X1                         20
     OR3_X2                          2
     OR3_X4                          3
     OR4_X1                          9
     OR4_X2                          4
     OR4_X4                          1
     XNOR2_X1                       20
     XNOR2_X2                        1
     XOR2_X1                         8

   Chip area for module '\top_e7': 2909.508000
     of which used for sequential elements: 1288.770000 (44.30%)

End of script. Logfile hash: 7e33d25d8f, CPU: user 0.09s system 0.04s, MEM: 39.00 MB peak
Yosys 0.55+150 (git sha1 15b4716d1, clang++ 18.1.8 -fPIC -O3)
Time spent: 56% 2x read_verilog (0 sec), 18% 2x read_liberty (0 sec), ...
