Generate the report at 2025-08-15T20:15:11, GitVersion: aa25008b3778a76ae1975c839d4cc459f7f7b3b7.
+------------------------------------+-------------+------------+------------+---------------+-------+-------+-----------+
| Endpoint                           | Clock Group | Delay Type | Path Delay | Path Required | CPPR  | Slack | Freq(MHz) |
+------------------------------------+-------------+------------+------------+---------------+-------+-------+-----------+
| seg2_$_DFF_P__Q_1:D                | core_clock  | max        | 0.188r     | 1.977         | 0.000 | 1.788 | 4723.108  |
| seg2_$_DFF_P__Q_5:D                | core_clock  | max        | 0.186r     | 1.976         | 0.000 | 1.789 | 4747.594  |
| seg1_$_DFF_P__Q_3:D                | core_clock  | max        | 0.185r     | 1.977         | 0.000 | 1.792 | 4797.567  |
| seg2_$_DFF_P__Q_5:D                | core_clock  | max        | 0.186f     | 1.978         | 0.000 | 1.792 | 4800.607  |
| seg1_$_DFF_P__Q:D                  | core_clock  | max        | 0.182r     | 1.977         | 0.000 | 1.795 | 4881.287  |
| u_rng.u_reg.dout_$_SDFF_PP0__Q_4:D | core_clock  | min        | 0.081r     | 0.004         | 0.000 | 0.076 | NA        |
| u_rng.u_reg.dout_$_SDFF_PP0__Q_3:D | core_clock  | min        | 0.082f     | 0.003         | 0.000 | 0.079 | NA        |
| u_rng.u_reg.dout_$_SDFF_PP0__Q_3:D | core_clock  | min        | 0.085r     | 0.005         | 0.000 | 0.081 | NA        |
| u_rng.u_reg.dout_$_SDFF_PP0__Q_4:D | core_clock  | min        | 0.087f     | 0.003         | 0.000 | 0.084 | NA        |
| seg1_$_DFF_P__Q_4:D                | core_clock  | min        | 0.094f     | 0.003         | 0.000 | 0.091 | NA        |
+------------------------------------+-------------+------------+------------+---------------+-------+-------+-----------+
+------------+------------+-------+
| Clock      | Delay Type | TNS   |
+------------+------------+-------+
| core_clock | max        | 0.000 |
| core_clock | min        | 0.000 |
+------------+------------+-------+
+----------------------------------------------+--------+-------------+------------+------------+-------------+--------+-----------------+
| Point                                        | Fanout | Capacitance | Resistance | Transition | Delta Delay | Incr   | Path            |
+----------------------------------------------+--------+-------------+------------+------------+-------------+--------+-----------------+
| clk (port)                                   |        | 0.021       | 0.000      | 0.000      |             | 0.000  | 0.000r          |
| clk (clock net)                              | 22     |             |            |            | NA          |        |                 |
| u_rng.u_reg.dout_$_SDFF_PP0__Q_6:CK (DFF_X1) |        | 0.001       | 0.000      | 0.000      |             | 0.000  | 0.000r          |
| clock core_clock (rise edge)                 |        |             |            |            |             | 0      | 0               |
| clock network delay (ideal)                  |        |             |            |            |             | 0.000  | 0.000           |
| u_rng.u_reg.dout_$_SDFF_PP0__Q_6:CK (DFF_X1) |        | 0.001       | 0.000      | 0.000      |             | 0.000  | 0.000r          |
| u_rng.u_reg.dout_$_SDFF_PP0__Q_6:Q (DFF_X1)  |        | 0.005       | 0.000      | 0.010      |             | 0.054  | 0.054r          |
| out[1] (net)                                 | 3      |             |            |            | 0.000       |        |                 |
| _103_:A (XOR2_X2)                            |        | 0.004       | 0.000      | 0.010      |             | 0.000  | 0.054r          |
| _103_:Z (XOR2_X2)                            |        | 0.007       | 0.000      | 0.016      |             | 0.032  | 0.086r          |
| _037_ (net)                                  | 2      |             |            |            | 0.000       |        |                 |
| _105_:B1 (OAI21_X2)                          |        | 0.003       | 0.000      | 0.016      |             | 0.000  | 0.086r          |
| _105_:ZN (OAI21_X2)                          |        | 0.003       | 0.000      | 0.009      |             | 0.012  | 0.098f          |
| _039_ (net)                                  | 1      |             |            |            | 0.000       |        |                 |
| _106_:A (AOI21_X2)                           |        | 0.003       | 0.000      | 0.009      |             | 0.000  | 0.098f          |
| _106_:ZN (AOI21_X2)                          |        | 0.006       | 0.000      | 0.015      |             | 0.019  | 0.117r          |
| _040_ (net)                                  | 3      |             |            |            | 0.000       |        |                 |
| _110_:A1 (NOR2_X2)                           |        | 0.003       | 0.000      | 0.015      |             | 0.000  | 0.117r          |
| _110_:ZN (NOR2_X2)                           |        | 0.004       | 0.000      | 0.006      |             | 0.008  | 0.124f          |
| _044_ (net)                                  | 2      |             |            |            | 0.000       |        |                 |
| _111_:A (BUF_X4)                             |        | 0.003       | 0.000      | 0.006      |             | 0.000  | 0.124f          |
| _111_:Z (BUF_X4)                             |        | 0.016       | 0.000      | 0.005      |             | 0.018  | 0.142f          |
| _000_ (net)                                  | 10     |             |            |            | 0.000       |        |                 |
| _171_:A1 (OR4_X2)                            |        | 0.002       | 0.000      | 0.005      |             | 0.000  | 0.142f          |
| _171_:ZN (OR4_X2)                            |        | 0.002       | 0.000      | 0.009      |             | 0.037  | 0.179f          |
| _017_ (net)                                  | 1      |             |            |            | 0.000       |        |                 |
| _174_:A1 (NAND2_X1)                          |        | 0.002       | 0.000      | 0.009      |             | 0.000  | 0.179f          |
| _174_:ZN (NAND2_X1)                          |        | 0.001       | 0.000      | 0.006      |             | 0.010  | 0.188r          |
| seg2_$_DFF_P__Q_D[5] (net)                   | 1      |             |            |            | 0.000       |        |                 |
| seg2_$_DFF_P__Q_1:D (DFF_X1)                 |        | 0.001       | 0.000      | 0.006      |             | 0.000  | 0.188r          |
|                                              |        |             |            |            |             |        |                 |
| clk (port)                                   |        | 0.021       | 0.000      | 0.000      |             | 0.000  | 0.000r          |
| clk (clock net)                              | 22     |             |            |            | NA          |        |                 |
| seg2_$_DFF_P__Q_1:CK (DFF_X1)                |        | 0.001       | 0.000      | 0.000      |             | 0.000  | 0.000r          |
| clock core_clock (rise edge)                 |        |             |            |            |             | 2      | 2               |
| clock network delay (ideal)                  |        |             |            |            |             | 0.000  | 2.000           |
| seg2_$_DFF_P__Q_1:CK (DFF_X1)                |        |             |            |            |             |        | 2.000r          |
| library setup time                           |        |             |            |            |             | -0.023 | 1.977           |
| clock reconvergence pessimism                |        |             |            |            |             | 0.000  | 1.977           |
|                                              |        |             |            |            |             |        |                 |
| path cell delay                              |        |             |            |            |             |        | 0.188(100.000%) |
| path net delay                               |        |             |            |            |             |        | 0.000(0.000%)   |
|                                              |        |             |            |            |             |        |                 |
| data require time                            |        |             |            |            |             |        | 1.977           |
| data arrival time                            |        |             |            |            |             |        | 0.188           |
| slack (MET)                                  |        |             |            |            |             |        | 1.788           |
+----------------------------------------------+--------+-------------+------------+------------+-------------+--------+-----------------+
+----------------------------------------------+--------+-------------+------------+------------+-------------+--------+-----------------+
| Point                                        | Fanout | Capacitance | Resistance | Transition | Delta Delay | Incr   | Path            |
+----------------------------------------------+--------+-------------+------------+------------+-------------+--------+-----------------+
| clk (port)                                   |        | 0.021       | 0.000      | 0.000      |             | 0.000  | 0.000r          |
| clk (clock net)                              | 22     |             |            |            | NA          |        |                 |
| u_rng.u_reg.dout_$_SDFF_PP0__Q_6:CK (DFF_X1) |        | 0.001       | 0.000      | 0.000      |             | 0.000  | 0.000r          |
| clock core_clock (rise edge)                 |        |             |            |            |             | 0      | 0               |
| clock network delay (ideal)                  |        |             |            |            |             | 0.000  | 0.000           |
| u_rng.u_reg.dout_$_SDFF_PP0__Q_6:CK (DFF_X1) |        | 0.001       | 0.000      | 0.000      |             | 0.000  | 0.000r          |
| u_rng.u_reg.dout_$_SDFF_PP0__Q_6:Q (DFF_X1)  |        | 0.005       | 0.000      | 0.010      |             | 0.054  | 0.054r          |
| out[1] (net)                                 | 3      |             |            |            | 0.000       |        |                 |
| _103_:A (XOR2_X2)                            |        | 0.004       | 0.000      | 0.010      |             | 0.000  | 0.054r          |
| _103_:Z (XOR2_X2)                            |        | 0.007       | 0.000      | 0.016      |             | 0.032  | 0.086r          |
| _037_ (net)                                  | 2      |             |            |            | 0.000       |        |                 |
| _105_:B1 (OAI21_X2)                          |        | 0.003       | 0.000      | 0.016      |             | 0.000  | 0.086r          |
| _105_:ZN (OAI21_X2)                          |        | 0.003       | 0.000      | 0.009      |             | 0.012  | 0.098f          |
| _039_ (net)                                  | 1      |             |            |            | 0.000       |        |                 |
| _106_:A (AOI21_X2)                           |        | 0.003       | 0.000      | 0.009      |             | 0.000  | 0.098f          |
| _106_:ZN (AOI21_X2)                          |        | 0.006       | 0.000      | 0.015      |             | 0.019  | 0.117r          |
| _040_ (net)                                  | 3      |             |            |            | 0.000       |        |                 |
| _110_:A1 (NOR2_X2)                           |        | 0.003       | 0.000      | 0.015      |             | 0.000  | 0.117r          |
| _110_:ZN (NOR2_X2)                           |        | 0.004       | 0.000      | 0.006      |             | 0.008  | 0.124f          |
| _044_ (net)                                  | 2      |             |            |            | 0.000       |        |                 |
| _111_:A (BUF_X4)                             |        | 0.003       | 0.000      | 0.006      |             | 0.000  | 0.124f          |
| _111_:Z (BUF_X4)                             |        | 0.016       | 0.000      | 0.005      |             | 0.018  | 0.142f          |
| _000_ (net)                                  | 10     |             |            |            | 0.000       |        |                 |
| _190_:A (XOR2_X1)                            |        | 0.002       | 0.000      | 0.005      |             | 0.000  | 0.142f          |
| _190_:Z (XOR2_X1)                            |        | 0.002       | 0.000      | 0.008      |             | 0.028  | 0.170f          |
| _032_ (net)                                  | 1      |             |            |            | 0.000       |        |                 |
| _192_:A (AOI21_X1)                           |        | 0.002       | 0.000      | 0.008      |             | 0.000  | 0.170f          |
| _192_:ZN (AOI21_X1)                          |        | 0.001       | 0.000      | 0.012      |             | 0.017  | 0.186r          |
| seg2_$_DFF_P__Q_D[1] (net)                   | 1      |             |            |            | 0.000       |        |                 |
| seg2_$_DFF_P__Q_5:D (DFF_X1)                 |        | 0.001       | 0.000      | 0.012      |             | 0.000  | 0.186r          |
|                                              |        |             |            |            |             |        |                 |
| clk (port)                                   |        | 0.021       | 0.000      | 0.000      |             | 0.000  | 0.000r          |
| clk (clock net)                              | 22     |             |            |            | NA          |        |                 |
| seg2_$_DFF_P__Q_5:CK (DFF_X1)                |        | 0.001       | 0.000      | 0.000      |             | 0.000  | 0.000r          |
| clock core_clock (rise edge)                 |        |             |            |            |             | 2      | 2               |
| clock network delay (ideal)                  |        |             |            |            |             | 0.000  | 2.000           |
| seg2_$_DFF_P__Q_5:CK (DFF_X1)                |        |             |            |            |             |        | 2.000r          |
| library setup time                           |        |             |            |            |             | -0.024 | 1.976           |
| clock reconvergence pessimism                |        |             |            |            |             | 0.000  | 1.976           |
|                                              |        |             |            |            |             |        |                 |
| path cell delay                              |        |             |            |            |             |        | 0.186(100.000%) |
| path net delay                               |        |             |            |            |             |        | 0.000(0.000%)   |
|                                              |        |             |            |            |             |        |                 |
| data require time                            |        |             |            |            |             |        | 1.976           |
| data arrival time                            |        |             |            |            |             |        | 0.186           |
| slack (MET)                                  |        |             |            |            |             |        | 1.789           |
+----------------------------------------------+--------+-------------+------------+------------+-------------+--------+-----------------+
+----------------------------------------------+--------+-------------+------------+------------+-------------+--------+-----------------+
| Point                                        | Fanout | Capacitance | Resistance | Transition | Delta Delay | Incr   | Path            |
+----------------------------------------------+--------+-------------+------------+------------+-------------+--------+-----------------+
| clk (port)                                   |        | 0.021       | 0.000      | 0.000      |             | 0.000  | 0.000r          |
| clk (clock net)                              | 22     |             |            |            | NA          |        |                 |
| u_rng.u_reg.dout_$_SDFF_PP0__Q_5:CK (DFF_X1) |        | 0.001       | 0.000      | 0.000      |             | 0.000  | 0.000r          |
| clock core_clock (rise edge)                 |        |             |            |            |             | 0      | 0               |
| clock network delay (ideal)                  |        |             |            |            |             | 0.000  | 0.000           |
| u_rng.u_reg.dout_$_SDFF_PP0__Q_5:CK (DFF_X1) |        | 0.001       | 0.000      | 0.000      |             | 0.000  | 0.000r          |
| u_rng.u_reg.dout_$_SDFF_PP0__Q_5:Q (DFF_X1)  |        | 0.005       | 0.000      | 0.007      |             | 0.055  | 0.055f          |
| out[2] (net)                                 | 3      |             |            |            | 0.000       |        |                 |
| _124_:A (MUX2_X1)                            |        | 0.001       | 0.000      | 0.007      |             | 0.000  | 0.055f          |
| _124_:Z (MUX2_X1)                            |        | 0.003       | 0.000      | 0.008      |             | 0.035  | 0.090f          |
| _052_ (net)                                  | 1      |             |            |            | 0.000       |        |                 |
| _125_:A1 (AND2_X4)                           |        | 0.003       | 0.000      | 0.008      |             | 0.000  | 0.090f          |
| _125_:ZN (AND2_X4)                           |        | 0.008       | 0.000      | 0.004      |             | 0.017  | 0.107f          |
| _053_ (net)                                  | 2      |             |            |            | 0.000       |        |                 |
| _126_:A (BUF_X8)                             |        | 0.007       | 0.000      | 0.004      |             | 0.000  | 0.107f          |
| _126_:Z (BUF_X8)                             |        | 0.022       | 0.000      | 0.005      |             | 0.016  | 0.122f          |
| _006_ (net)                                  | 10     |             |            |            | 0.000       |        |                 |
| _148_:A2 (NOR2_X4)                           |        | 0.007       | 0.000      | 0.005      |             | 0.000  | 0.122f          |
| _148_:ZN (NOR2_X4)                           |        | 0.002       | 0.000      | 0.005      |             | 0.011  | 0.133r          |
| _071_ (net)                                  | 1      |             |            |            | 0.000       |        |                 |
| _149_:A1 (NOR2_X1)                           |        | 0.002       | 0.000      | 0.005      |             | 0.000  | 0.133r          |
| _149_:ZN (NOR2_X1)                           |        | 0.003       | 0.000      | 0.007      |             | 0.008  | 0.141f          |
| _072_ (net)                                  | 2      |             |            |            | 0.000       |        |                 |
| _150_:A2 (OR3_X2)                            |        | 0.002       | 0.000      | 0.007      |             | 0.000  | 0.141f          |
| _150_:ZN (OR3_X2)                            |        | 0.002       | 0.000      | 0.007      |             | 0.035  | 0.176f          |
| _073_ (net)                                  | 1      |             |            |            | 0.000       |        |                 |
| _153_:A1 (NAND2_X1)                          |        | 0.002       | 0.000      | 0.007      |             | 0.000  | 0.176f          |
| _153_:ZN (NAND2_X1)                          |        | 0.001       | 0.000      | 0.006      |             | 0.009  | 0.185r          |
| seg1_$_DFF_P__Q_D[3] (net)                   | 1      |             |            |            | 0.000       |        |                 |
| seg1_$_DFF_P__Q_3:D (DFF_X1)                 |        | 0.001       | 0.000      | 0.006      |             | 0.000  | 0.185r          |
|                                              |        |             |            |            |             |        |                 |
| clk (port)                                   |        | 0.021       | 0.000      | 0.000      |             | 0.000  | 0.000r          |
| clk (clock net)                              | 22     |             |            |            | NA          |        |                 |
| seg1_$_DFF_P__Q_3:CK (DFF_X1)                |        | 0.001       | 0.000      | 0.000      |             | 0.000  | 0.000r          |
| clock core_clock (rise edge)                 |        |             |            |            |             | 2      | 2               |
| clock network delay (ideal)                  |        |             |            |            |             | 0.000  | 2.000           |
| seg1_$_DFF_P__Q_3:CK (DFF_X1)                |        |             |            |            |             |        | 2.000r          |
| library setup time                           |        |             |            |            |             | -0.023 | 1.977           |
| clock reconvergence pessimism                |        |             |            |            |             | 0.000  | 1.977           |
|                                              |        |             |            |            |             |        |                 |
| path cell delay                              |        |             |            |            |             |        | 0.185(100.000%) |
| path net delay                               |        |             |            |            |             |        | 0.000(0.000%)   |
|                                              |        |             |            |            |             |        |                 |
| data require time                            |        |             |            |            |             |        | 1.977           |
| data arrival time                            |        |             |            |            |             |        | 0.185           |
| slack (MET)                                  |        |             |            |            |             |        | 1.792           |
+----------------------------------------------+--------+-------------+------------+------------+-------------+--------+-----------------+
+----------------------------------------------+--------+-------------+------------+------------+-------------+--------+-----------------+
| Point                                        | Fanout | Capacitance | Resistance | Transition | Delta Delay | Incr   | Path            |
+----------------------------------------------+--------+-------------+------------+------------+-------------+--------+-----------------+
| clk (port)                                   |        | 0.021       | 0.000      | 0.000      |             | 0.000  | 0.000r          |
| clk (clock net)                              | 22     |             |            |            | NA          |        |                 |
| u_rng.u_reg.dout_$_SDFF_PP0__Q_7:CK (DFF_X1) |        | 0.001       | 0.000      | 0.000      |             | 0.000  | 0.000r          |
| clock core_clock (rise edge)                 |        |             |            |            |             | 0      | 0               |
| clock network delay (ideal)                  |        |             |            |            |             | 0.000  | 0.000           |
| u_rng.u_reg.dout_$_SDFF_PP0__Q_7:CK (DFF_X1) |        | 0.001       | 0.000      | 0.000      |             | 0.000  | 0.000r          |
| u_rng.u_reg.dout_$_SDFF_PP0__Q_7:Q (DFF_X1)  |        | 0.005       | 0.000      | 0.007      |             | 0.054  | 0.054f          |
| out[0] (net)                                 | 2      |             |            |            | 0.000       |        |                 |
| _103_:B (XOR2_X2)                            |        | 0.005       | 0.000      | 0.007      |             | 0.000  | 0.054f          |
| _103_:Z (XOR2_X2)                            |        | 0.006       | 0.000      | 0.009      |             | 0.033  | 0.087f          |
| _037_ (net)                                  | 2      |             |            |            | 0.000       |        |                 |
| _105_:B1 (OAI21_X2)                          |        | 0.003       | 0.000      | 0.009      |             | 0.000  | 0.087f          |
| _105_:ZN (OAI21_X2)                          |        | 0.003       | 0.000      | 0.011      |             | 0.016  | 0.103r          |
| _039_ (net)                                  | 1      |             |            |            | 0.000       |        |                 |
| _106_:A (AOI21_X2)                           |        | 0.003       | 0.000      | 0.011      |             | 0.000  | 0.103r          |
| _106_:ZN (AOI21_X2)                          |        | 0.005       | 0.000      | 0.008      |             | 0.011  | 0.114f          |
| _040_ (net)                                  | 3      |             |            |            | 0.000       |        |                 |
| _110_:A1 (NOR2_X2)                           |        | 0.003       | 0.000      | 0.008      |             | 0.000  | 0.114f          |
| _110_:ZN (NOR2_X2)                           |        | 0.004       | 0.000      | 0.010      |             | 0.015  | 0.130r          |
| _044_ (net)                                  | 2      |             |            |            | 0.000       |        |                 |
| _111_:A (BUF_X4)                             |        | 0.003       | 0.000      | 0.010      |             | 0.000  | 0.130r          |
| _111_:Z (BUF_X4)                             |        | 0.017       | 0.000      | 0.008      |             | 0.018  | 0.148r          |
| _000_ (net)                                  | 10     |             |            |            | 0.000       |        |                 |
| _190_:A (XOR2_X1)                            |        | 0.002       | 0.000      | 0.008      |             | 0.000  | 0.148r          |
| _190_:Z (XOR2_X1)                            |        | 0.002       | 0.000      | 0.012      |             | 0.027  | 0.175r          |
| _032_ (net)                                  | 1      |             |            |            | 0.000       |        |                 |
| _192_:A (AOI21_X1)                           |        | 0.002       | 0.000      | 0.012      |             | 0.000  | 0.175r          |
| _192_:ZN (AOI21_X1)                          |        | 0.001       | 0.000      | 0.007      |             | 0.011  | 0.186f          |
| seg2_$_DFF_P__Q_D[1] (net)                   | 1      |             |            |            | 0.000       |        |                 |
| seg2_$_DFF_P__Q_5:D (DFF_X1)                 |        | 0.001       | 0.000      | 0.007      |             | 0.000  | 0.186f          |
|                                              |        |             |            |            |             |        |                 |
| clk (port)                                   |        | 0.021       | 0.000      | 0.000      |             | 0.000  | 0.000r          |
| clk (clock net)                              | 22     |             |            |            | NA          |        |                 |
| seg2_$_DFF_P__Q_5:CK (DFF_X1)                |        | 0.001       | 0.000      | 0.000      |             | 0.000  | 0.000r          |
| clock core_clock (rise edge)                 |        |             |            |            |             | 2      | 2               |
| clock network delay (ideal)                  |        |             |            |            |             | 0.000  | 2.000           |
| seg2_$_DFF_P__Q_5:CK (DFF_X1)                |        |             |            |            |             |        | 2.000r          |
| library setup time                           |        |             |            |            |             | -0.022 | 1.978           |
| clock reconvergence pessimism                |        |             |            |            |             | 0.000  | 1.978           |
|                                              |        |             |            |            |             |        |                 |
| path cell delay                              |        |             |            |            |             |        | 0.186(100.000%) |
| path net delay                               |        |             |            |            |             |        | 0.000(0.000%)   |
|                                              |        |             |            |            |             |        |                 |
| data require time                            |        |             |            |            |             |        | 1.978           |
| data arrival time                            |        |             |            |            |             |        | 0.186           |
| slack (MET)                                  |        |             |            |            |             |        | 1.792           |
+----------------------------------------------+--------+-------------+------------+------------+-------------+--------+-----------------+
+----------------------------------------------+--------+-------------+------------+------------+-------------+--------+-----------------+
| Point                                        | Fanout | Capacitance | Resistance | Transition | Delta Delay | Incr   | Path            |
+----------------------------------------------+--------+-------------+------------+------------+-------------+--------+-----------------+
| clk (port)                                   |        | 0.021       | 0.000      | 0.000      |             | 0.000  | 0.000r          |
| clk (clock net)                              | 22     |             |            |            | NA          |        |                 |
| u_rng.u_reg.dout_$_SDFF_PP0__Q_5:CK (DFF_X1) |        | 0.001       | 0.000      | 0.000      |             | 0.000  | 0.000r          |
| clock core_clock (rise edge)                 |        |             |            |            |             | 0      | 0               |
| clock network delay (ideal)                  |        |             |            |            |             | 0.000  | 0.000           |
| u_rng.u_reg.dout_$_SDFF_PP0__Q_5:CK (DFF_X1) |        | 0.001       | 0.000      | 0.000      |             | 0.000  | 0.000r          |
| u_rng.u_reg.dout_$_SDFF_PP0__Q_5:Q (DFF_X1)  |        | 0.005       | 0.000      | 0.007      |             | 0.055  | 0.055f          |
| out[2] (net)                                 | 3      |             |            |            | 0.000       |        |                 |
| _124_:A (MUX2_X1)                            |        | 0.001       | 0.000      | 0.007      |             | 0.000  | 0.055f          |
| _124_:Z (MUX2_X1)                            |        | 0.003       | 0.000      | 0.008      |             | 0.035  | 0.090f          |
| _052_ (net)                                  | 1      |             |            |            | 0.000       |        |                 |
| _125_:A1 (AND2_X4)                           |        | 0.003       | 0.000      | 0.008      |             | 0.000  | 0.090f          |
| _125_:ZN (AND2_X4)                           |        | 0.008       | 0.000      | 0.004      |             | 0.017  | 0.107f          |
| _053_ (net)                                  | 2      |             |            |            | 0.000       |        |                 |
| _126_:A (BUF_X8)                             |        | 0.007       | 0.000      | 0.004      |             | 0.000  | 0.107f          |
| _126_:Z (BUF_X8)                             |        | 0.022       | 0.000      | 0.005      |             | 0.016  | 0.122f          |
| _006_ (net)                                  | 10     |             |            |            | 0.000       |        |                 |
| _135_:A2 (NOR2_X1)                           |        | 0.002       | 0.000      | 0.005      |             | 0.000  | 0.122f          |
| _135_:ZN (NOR2_X1)                           |        | 0.002       | 0.000      | 0.009      |             | 0.015  | 0.137r          |
| _061_ (net)                                  | 1      |             |            |            | 0.000       |        |                 |
| _136_:A1 (NAND2_X1)                          |        | 0.002       | 0.000      | 0.009      |             | 0.000  | 0.137r          |
| _136_:ZN (NAND2_X1)                          |        | 0.003       | 0.000      | 0.008      |             | 0.013  | 0.150f          |
| _062_ (net)                                  | 2      |             |            |            | 0.000       |        |                 |
| _138_:A1 (NAND2_X1)                          |        | 0.002       | 0.000      | 0.008      |             | 0.000  | 0.150f          |
| _138_:ZN (NAND2_X1)                          |        | 0.001       | 0.000      | 0.005      |             | 0.008  | 0.158r          |
| _064_ (net)                                  | 1      |             |            |            | 0.000       |        |                 |
| _140_:B (MUX2_X1)                            |        | 0.001       | 0.000      | 0.005      |             | 0.000  | 0.158r          |
| _140_:Z (MUX2_X1)                            |        | 0.001       | 0.000      | 0.006      |             | 0.024  | 0.182r          |
| seg1_$_DFF_P__Q_D[6] (net)                   | 1      |             |            |            | 0.000       |        |                 |
| seg1_$_DFF_P__Q:D (DFF_X1)                   |        | 0.001       | 0.000      | 0.006      |             | 0.000  | 0.182r          |
|                                              |        |             |            |            |             |        |                 |
| clk (port)                                   |        | 0.021       | 0.000      | 0.000      |             | 0.000  | 0.000r          |
| clk (clock net)                              | 22     |             |            |            | NA          |        |                 |
| seg1_$_DFF_P__Q:CK (DFF_X1)                  |        | 0.001       | 0.000      | 0.000      |             | 0.000  | 0.000r          |
| clock core_clock (rise edge)                 |        |             |            |            |             | 2      | 2               |
| clock network delay (ideal)                  |        |             |            |            |             | 0.000  | 2.000           |
| seg1_$_DFF_P__Q:CK (DFF_X1)                  |        |             |            |            |             |        | 2.000r          |
| library setup time                           |        |             |            |            |             | -0.023 | 1.977           |
| clock reconvergence pessimism                |        |             |            |            |             | 0.000  | 1.977           |
|                                              |        |             |            |            |             |        |                 |
| path cell delay                              |        |             |            |            |             |        | 0.182(100.000%) |
| path net delay                               |        |             |            |            |             |        | 0.000(0.000%)   |
|                                              |        |             |            |            |             |        |                 |
| data require time                            |        |             |            |            |             |        | 1.977           |
| data arrival time                            |        |             |            |            |             |        | 0.182           |
| slack (MET)                                  |        |             |            |            |             |        | 1.795           |
+----------------------------------------------+--------+-------------+------------+------------+-------------+--------+-----------------+
+----------------------------------------------+--------+-------------+------------+------------+-------------+--------+-----------------+
| Point                                        | Fanout | Capacitance | Resistance | Transition | Delta Delay | Incr   | Path            |
+----------------------------------------------+--------+-------------+------------+------------+-------------+--------+-----------------+
| clk (port)                                   |        | 0.021       | 0.000      | 0.000      |             | 0.000  | 0.000r          |
| clk (clock net)                              | 22     |             |            |            | NA          |        |                 |
| u_rng.u_reg.dout_$_SDFF_PP0__Q_3:CK (DFF_X1) |        | 0.001       | 0.000      | 0.000      |             | 0.000  | 0.000r          |
| clock core_clock (rise edge)                 |        |             |            |            |             | 0      | 0               |
| clock network delay (ideal)                  |        |             |            |            |             | 0.000  | 0.000           |
| u_rng.u_reg.dout_$_SDFF_PP0__Q_3:CK (DFF_X1) |        | 0.001       | 0.000      | 0.000      |             | 0.000  | 0.000r          |
| u_rng.u_reg.dout_$_SDFF_PP0__Q_3:Q (DFF_X1)  |        | 0.002       | 0.000      | 0.005      |             | 0.049  | 0.049r          |
| out[4] (net)                                 | 2      |             |            |            | 0.000       |        |                 |
| _120_:A1 (NOR2_X1)                           |        | 0.002       | 0.000      | 0.005      |             | 0.000  | 0.049r          |
| _120_:ZN (NOR2_X1)                           |        | 0.007       | 0.000      | 0.007      |             | 0.011  | 0.060f          |
| _050_ (net)                                  | 1      |             |            |            | 0.000       |        |                 |
| _121_:A2 (NOR2_X4)                           |        | 0.007       | 0.000      | 0.007      |             | 0.000  | 0.060f          |
| _121_:ZN (NOR2_X4)                           |        | 0.014       | 0.000      | 0.013      |             | 0.020  | 0.081r          |
| _004_ (net)                                  | 7      |             |            |            | 0.000       |        |                 |
| u_rng.u_reg.dout_$_SDFF_PP0__Q_4:D (DFF_X1)  |        | 0.001       | 0.000      | 0.013      |             | 0.000  | 0.081r          |
|                                              |        |             |            |            |             |        |                 |
| clk (port)                                   |        | 0.021       | 0.000      | 0.000      |             | 0.000  | 0.000r          |
| clk (clock net)                              | 22     |             |            |            | NA          |        |                 |
| u_rng.u_reg.dout_$_SDFF_PP0__Q_4:CK (DFF_X1) |        | 0.001       | 0.000      | 0.000      |             | 0.000  | 0.000r          |
| clock core_clock (rise edge)                 |        |             |            |            |             | 0      | 0               |
| clock network delay (ideal)                  |        |             |            |            |             | 0.000  | 0.000           |
| u_rng.u_reg.dout_$_SDFF_PP0__Q_4:CK (DFF_X1) |        |             |            |            |             |        | 0.000r          |
| library hold time                            |        |             |            |            |             | 0.004  | 0.004           |
| clock reconvergence pessimism                |        |             |            |            |             | -0.000 | 0.004           |
|                                              |        |             |            |            |             |        |                 |
| path cell delay                              |        |             |            |            |             |        | 0.081(100.000%) |
| path net delay                               |        |             |            |            |             |        | 0.000(0.000%)   |
|                                              |        |             |            |            |             |        |                 |
| data require time                            |        |             |            |            |             |        | 0.004           |
| data arrival time                            |        |             |            |            |             |        | 0.081           |
| slack (MET)                                  |        |             |            |            |             |        | 0.076           |
+----------------------------------------------+--------+-------------+------------+------------+-------------+--------+-----------------+
+----------------------------------------------+--------+-------------+------------+------------+-------------+--------+-----------------+
| Point                                        | Fanout | Capacitance | Resistance | Transition | Delta Delay | Incr   | Path            |
+----------------------------------------------+--------+-------------+------------+------------+-------------+--------+-----------------+
| clk (port)                                   |        | 0.021       | 0.000      | 0.000      |             | 0.000  | 0.000r          |
| clk (clock net)                              | 22     |             |            |            | NA          |        |                 |
| u_rng.u_reg.dout_$_SDFF_PP0__Q_2:CK (DFF_X1) |        | 0.001       | 0.000      | 0.000      |             | 0.000  | 0.000r          |
| clock core_clock (rise edge)                 |        |             |            |            |             | 0      | 0               |
| clock network delay (ideal)                  |        |             |            |            |             | 0.000  | 0.000           |
| u_rng.u_reg.dout_$_SDFF_PP0__Q_2:CK (DFF_X1) |        | 0.001       | 0.000      | 0.000      |             | 0.000  | 0.000r          |
| u_rng.u_reg.dout_$_SDFF_PP0__Q_2:Q (DFF_X1)  |        | 0.007       | 0.000      | 0.008      |             | 0.056  | 0.056f          |
| out[5] (net)                                 | 2      |             |            |            | 0.000       |        |                 |
| _117_:A2 (NOR2_X4)                           |        | 0.007       | 0.000      | 0.008      |             | 0.000  | 0.056f          |
| _117_:ZN (NOR2_X4)                           |        | 0.007       | 0.000      | 0.008      |             | 0.015  | 0.071r          |
| _048_ (net)                                  | 1      |             |            |            | 0.000       |        |                 |
| _118_:A2 (NOR2_X4)                           |        | 0.007       | 0.000      | 0.008      |             | 0.000  | 0.071r          |
| _118_:ZN (NOR2_X4)                           |        | 0.017       | 0.000      | 0.007      |             | 0.010  | 0.082f          |
| _003_ (net)                                  | 8      |             |            |            | 0.000       |        |                 |
| u_rng.u_reg.dout_$_SDFF_PP0__Q_3:D (DFF_X1)  |        | 0.001       | 0.000      | 0.007      |             | 0.000  | 0.082f          |
|                                              |        |             |            |            |             |        |                 |
| clk (port)                                   |        | 0.021       | 0.000      | 0.000      |             | 0.000  | 0.000r          |
| clk (clock net)                              | 22     |             |            |            | NA          |        |                 |
| u_rng.u_reg.dout_$_SDFF_PP0__Q_3:CK (DFF_X1) |        | 0.001       | 0.000      | 0.000      |             | 0.000  | 0.000r          |
| clock core_clock (rise edge)                 |        |             |            |            |             | 0      | 0               |
| clock network delay (ideal)                  |        |             |            |            |             | 0.000  | 0.000           |
| u_rng.u_reg.dout_$_SDFF_PP0__Q_3:CK (DFF_X1) |        |             |            |            |             |        | 0.000r          |
| library hold time                            |        |             |            |            |             | 0.003  | 0.003           |
| clock reconvergence pessimism                |        |             |            |            |             | -0.000 | 0.003           |
|                                              |        |             |            |            |             |        |                 |
| path cell delay                              |        |             |            |            |             |        | 0.082(100.000%) |
| path net delay                               |        |             |            |            |             |        | 0.000(0.000%)   |
|                                              |        |             |            |            |             |        |                 |
| data require time                            |        |             |            |            |             |        | 0.003           |
| data arrival time                            |        |             |            |            |             |        | 0.082           |
| slack (MET)                                  |        |             |            |            |             |        | 0.079           |
+----------------------------------------------+--------+-------------+------------+------------+-------------+--------+-----------------+
+----------------------------------------------+--------+-------------+------------+------------+-------------+--------+-----------------+
| Point                                        | Fanout | Capacitance | Resistance | Transition | Delta Delay | Incr   | Path            |
+----------------------------------------------+--------+-------------+------------+------------+-------------+--------+-----------------+
| clk (port)                                   |        | 0.021       | 0.000      | 0.000      |             | 0.000  | 0.000r          |
| clk (clock net)                              | 22     |             |            |            | NA          |        |                 |
| u_rng.u_reg.dout_$_SDFF_PP0__Q_2:CK (DFF_X1) |        | 0.001       | 0.000      | 0.000      |             | 0.000  | 0.000r          |
| clock core_clock (rise edge)                 |        |             |            |            |             | 0      | 0               |
| clock network delay (ideal)                  |        |             |            |            |             | 0.000  | 0.000           |
| u_rng.u_reg.dout_$_SDFF_PP0__Q_2:CK (DFF_X1) |        | 0.001       | 0.000      | 0.000      |             | 0.000  | 0.000r          |
| u_rng.u_reg.dout_$_SDFF_PP0__Q_2:Q (DFF_X1)  |        | 0.007       | 0.000      | 0.011      |             | 0.055  | 0.055r          |
| out[5] (net)                                 | 2      |             |            |            | 0.000       |        |                 |
| _117_:A2 (NOR2_X4)                           |        | 0.007       | 0.000      | 0.011      |             | 0.000  | 0.055r          |
| _117_:ZN (NOR2_X4)                           |        | 0.007       | 0.000      | 0.005      |             | 0.008  | 0.063f          |
| _048_ (net)                                  | 1      |             |            |            | 0.000       |        |                 |
| _118_:A2 (NOR2_X4)                           |        | 0.007       | 0.000      | 0.005      |             | 0.000  | 0.063f          |
| _118_:ZN (NOR2_X4)                           |        | 0.018       | 0.000      | 0.015      |             | 0.022  | 0.085r          |
| _003_ (net)                                  | 8      |             |            |            | 0.000       |        |                 |
| u_rng.u_reg.dout_$_SDFF_PP0__Q_3:D (DFF_X1)  |        | 0.001       | 0.000      | 0.015      |             | 0.000  | 0.085r          |
|                                              |        |             |            |            |             |        |                 |
| clk (port)                                   |        | 0.021       | 0.000      | 0.000      |             | 0.000  | 0.000r          |
| clk (clock net)                              | 22     |             |            |            | NA          |        |                 |
| u_rng.u_reg.dout_$_SDFF_PP0__Q_3:CK (DFF_X1) |        | 0.001       | 0.000      | 0.000      |             | 0.000  | 0.000r          |
| clock core_clock (rise edge)                 |        |             |            |            |             | 0      | 0               |
| clock network delay (ideal)                  |        |             |            |            |             | 0.000  | 0.000           |
| u_rng.u_reg.dout_$_SDFF_PP0__Q_3:CK (DFF_X1) |        |             |            |            |             |        | 0.000r          |
| library hold time                            |        |             |            |            |             | 0.005  | 0.005           |
| clock reconvergence pessimism                |        |             |            |            |             | -0.000 | 0.005           |
|                                              |        |             |            |            |             |        |                 |
| path cell delay                              |        |             |            |            |             |        | 0.085(100.000%) |
| path net delay                               |        |             |            |            |             |        | 0.000(0.000%)   |
|                                              |        |             |            |            |             |        |                 |
| data require time                            |        |             |            |            |             |        | 0.005           |
| data arrival time                            |        |             |            |            |             |        | 0.085           |
| slack (MET)                                  |        |             |            |            |             |        | 0.081           |
+----------------------------------------------+--------+-------------+------------+------------+-------------+--------+-----------------+
+----------------------------------------------+--------+-------------+------------+------------+-------------+--------+-----------------+
| Point                                        | Fanout | Capacitance | Resistance | Transition | Delta Delay | Incr   | Path            |
+----------------------------------------------+--------+-------------+------------+------------+-------------+--------+-----------------+
| clk (port)                                   |        | 0.021       | 0.000      | 0.000      |             | 0.000  | 0.000r          |
| clk (clock net)                              | 22     |             |            |            | NA          |        |                 |
| u_rng.u_reg.dout_$_SDFF_PP0__Q_3:CK (DFF_X1) |        | 0.001       | 0.000      | 0.000      |             | 0.000  | 0.000r          |
| clock core_clock (rise edge)                 |        |             |            |            |             | 0      | 0               |
| clock network delay (ideal)                  |        |             |            |            |             | 0.000  | 0.000           |
| u_rng.u_reg.dout_$_SDFF_PP0__Q_3:CK (DFF_X1) |        | 0.001       | 0.000      | 0.000      |             | 0.000  | 0.000r          |
| u_rng.u_reg.dout_$_SDFF_PP0__Q_3:Q (DFF_X1)  |        | 0.001       | 0.000      | 0.005      |             | 0.050  | 0.050f          |
| out[4] (net)                                 | 2      |             |            |            | 0.000       |        |                 |
| _120_:A1 (NOR2_X1)                           |        | 0.002       | 0.000      | 0.005      |             | 0.000  | 0.050f          |
| _120_:ZN (NOR2_X1)                           |        | 0.007       | 0.000      | 0.021      |             | 0.026  | 0.076r          |
| _050_ (net)                                  | 1      |             |            |            | 0.000       |        |                 |
| _121_:A2 (NOR2_X4)                           |        | 0.007       | 0.000      | 0.021      |             | 0.000  | 0.076r          |
| _121_:ZN (NOR2_X4)                           |        | 0.014       | 0.000      | 0.009      |             | 0.011  | 0.087f          |
| _004_ (net)                                  | 7      |             |            |            | 0.000       |        |                 |
| u_rng.u_reg.dout_$_SDFF_PP0__Q_4:D (DFF_X1)  |        | 0.001       | 0.000      | 0.009      |             | 0.000  | 0.087f          |
|                                              |        |             |            |            |             |        |                 |
| clk (port)                                   |        | 0.021       | 0.000      | 0.000      |             | 0.000  | 0.000r          |
| clk (clock net)                              | 22     |             |            |            | NA          |        |                 |
| u_rng.u_reg.dout_$_SDFF_PP0__Q_4:CK (DFF_X1) |        | 0.001       | 0.000      | 0.000      |             | 0.000  | 0.000r          |
| clock core_clock (rise edge)                 |        |             |            |            |             | 0      | 0               |
| clock network delay (ideal)                  |        |             |            |            |             | 0.000  | 0.000           |
| u_rng.u_reg.dout_$_SDFF_PP0__Q_4:CK (DFF_X1) |        |             |            |            |             |        | 0.000r          |
| library hold time                            |        |             |            |            |             | 0.003  | 0.003           |
| clock reconvergence pessimism                |        |             |            |            |             | -0.000 | 0.003           |
|                                              |        |             |            |            |             |        |                 |
| path cell delay                              |        |             |            |            |             |        | 0.087(100.000%) |
| path net delay                               |        |             |            |            |             |        | 0.000(0.000%)   |
|                                              |        |             |            |            |             |        |                 |
| data require time                            |        |             |            |            |             |        | 0.003           |
| data arrival time                            |        |             |            |            |             |        | 0.087           |
| slack (MET)                                  |        |             |            |            |             |        | 0.084           |
+----------------------------------------------+--------+-------------+------------+------------+-------------+--------+-----------------+
+----------------------------------------------+--------+-------------+------------+------------+-------------+--------+-----------------+
| Point                                        | Fanout | Capacitance | Resistance | Transition | Delta Delay | Incr   | Path            |
+----------------------------------------------+--------+-------------+------------+------------+-------------+--------+-----------------+
| clk (port)                                   |        | 0.021       | 0.000      | 0.000      |             | 0.000  | 0.000r          |
| clk (clock net)                              | 22     |             |            |            | NA          |        |                 |
| u_rng.u_reg.dout_$_SDFF_PP0__Q_3:CK (DFF_X1) |        | 0.001       | 0.000      | 0.000      |             | 0.000  | 0.000r          |
| clock core_clock (rise edge)                 |        |             |            |            |             | 0      | 0               |
| clock network delay (ideal)                  |        |             |            |            |             | 0.000  | 0.000           |
| u_rng.u_reg.dout_$_SDFF_PP0__Q_3:CK (DFF_X1) |        | 0.001       | 0.000      | 0.000      |             | 0.000  | 0.000r          |
| u_rng.u_reg.dout_$_SDFF_PP0__Q_3:Q (DFF_X1)  |        | 0.002       | 0.000      | 0.005      |             | 0.049  | 0.049r          |
| out[4] (net)                                 | 2      |             |            |            | 0.000       |        |                 |
| _120_:A1 (NOR2_X1)                           |        | 0.002       | 0.000      | 0.005      |             | 0.000  | 0.049r          |
| _120_:ZN (NOR2_X1)                           |        | 0.007       | 0.000      | 0.007      |             | 0.011  | 0.060f          |
| _050_ (net)                                  | 1      |             |            |            | 0.000       |        |                 |
| _121_:A2 (NOR2_X4)                           |        | 0.007       | 0.000      | 0.007      |             | 0.000  | 0.060f          |
| _121_:ZN (NOR2_X4)                           |        | 0.014       | 0.000      | 0.013      |             | 0.020  | 0.081r          |
| _004_ (net)                                  | 7      |             |            |            | 0.000       |        |                 |
| _154_:B2 (OAI21_X1)                          |        | 0.002       | 0.000      | 0.013      |             | 0.000  | 0.081r          |
| _154_:ZN (OAI21_X1)                          |        | 0.001       | 0.000      | 0.007      |             | 0.013  | 0.094f          |
| seg1_$_DFF_P__Q_D[2] (net)                   | 1      |             |            |            | 0.000       |        |                 |
| seg1_$_DFF_P__Q_4:D (DFF_X1)                 |        | 0.001       | 0.000      | 0.007      |             | 0.000  | 0.094f          |
|                                              |        |             |            |            |             |        |                 |
| clk (port)                                   |        | 0.021       | 0.000      | 0.000      |             | 0.000  | 0.000r          |
| clk (clock net)                              | 22     |             |            |            | NA          |        |                 |
| seg1_$_DFF_P__Q_4:CK (DFF_X1)                |        | 0.001       | 0.000      | 0.000      |             | 0.000  | 0.000r          |
| clock core_clock (rise edge)                 |        |             |            |            |             | 0      | 0               |
| clock network delay (ideal)                  |        |             |            |            |             | 0.000  | 0.000           |
| seg1_$_DFF_P__Q_4:CK (DFF_X1)                |        |             |            |            |             |        | 0.000r          |
| library hold time                            |        |             |            |            |             | 0.003  | 0.003           |
| clock reconvergence pessimism                |        |             |            |            |             | -0.000 | 0.003           |
|                                              |        |             |            |            |             |        |                 |
| path cell delay                              |        |             |            |            |             |        | 0.094(100.000%) |
| path net delay                               |        |             |            |            |             |        | 0.000(0.000%)   |
|                                              |        |             |            |            |             |        |                 |
| data require time                            |        |             |            |            |             |        | 0.003           |
| data arrival time                            |        |             |            |            |             |        | 0.094           |
| slack (MET)                                  |        |             |            |            |             |        | 0.091           |
+----------------------------------------------+--------+-------------+------------+------------+-------------+--------+-----------------+
