Generate the report at 2025-08-15T20:22:42, GitVersion: aa25008b3778a76ae1975c839d4cc459f7f7b3b7.
+-----------------------------------------------------+-------------+------------+------------+---------------+-------+-------+-----------+
| Endpoint                                            | Clock Group | Delay Type | Path Delay | Path Required | CPPR  | Slack | Freq(MHz) |
+-----------------------------------------------------+-------------+------------+------------+---------------+-------+-------+-----------+
| sCPU_GPR.genblk1[0].register.dout_$_SDFFE_PP0P__Q:D | core_clock  | max        | 0.306r     | 1.975         | 0.000 | 1.668 | 3016.200  |
| sCPU_GPR.genblk1[3].register.dout_$_SDFFE_PP0P__Q:D | core_clock  | max        | 0.306r     | 1.975         | 0.000 | 1.668 | 3016.200  |
| sCPU_GPR.genblk1[2].register.dout_$_SDFFE_PP0P__Q:D | core_clock  | max        | 0.306r     | 1.975         | 0.000 | 1.668 | 3016.200  |
| sCPU_GPR.genblk1[2].register.dout_$_SDFFE_PP0P__Q:D | core_clock  | max        | 0.306r     | 1.975         | 0.000 | 1.668 | 3016.200  |
| sCPU_GPR.genblk1[3].register.dout_$_SDFFE_PP0P__Q:D | core_clock  | max        | 0.306r     | 1.975         | 0.000 | 1.668 | 3016.200  |
| PC.dout_$_SDFFE_PP0P__Q_3:D                         | core_clock  | min        | 0.064f     | 0.003         | 0.000 | 0.061 | NA        |
| PC.dout_$_SDFFE_PP0P__Q_3:D                         | core_clock  | min        | 0.064f     | 0.003         | 0.000 | 0.061 | NA        |
| PC.dout_$_SDFFE_PP0P__Q_3:D                         | core_clock  | min        | 0.075r     | 0.005         | 0.000 | 0.070 | NA        |
| PC.dout_$_SDFFE_PP0P__Q_3:D                         | core_clock  | min        | 0.075r     | 0.005         | 0.000 | 0.070 | NA        |
| PC.dout_$_SDFFE_PP0P__Q_2:D                         | core_clock  | min        | 0.080f     | 0.003         | 0.000 | 0.077 | NA        |
+-----------------------------------------------------+-------------+------------+------------+---------------+-------+-------+-----------+
+------------+------------+-------+
| Clock      | Delay Type | TNS   |
+------------+------------+-------+
| core_clock | max        | 0.000 |
| core_clock | min        | 0.000 |
+------------+------------+-------+
+-----------------------------------------------------------------+--------+-------------+------------+------------+-------------+--------+-----------------+
| Point                                                           | Fanout | Capacitance | Resistance | Transition | Delta Delay | Incr   | Path            |
+-----------------------------------------------------------------+--------+-------------+------------+------------+-------------+--------+-----------------+
| clk (port)                                                      |        | 0.009       | 0.000      | 0.000      |             | 0.000  | 0.000r          |
| clk (clock net)                                                 | 5      |             |            |            | NA          |        |                 |
| _519_:CK (CLKGATE_X1)                                           |        | 0.002       | 0.000      | 0.000      |             | 0.000  | 0.000r          |
| _519_:GCK (CLKGATE_X1)                                          |        | 0.008       | 0.000      | 0.000      |             | 0.000  | 0.000r          |
| _236_ (clock net)                                               | 8      |             |            |            | NA          |        |                 |
| sCPU_GPR.genblk1[2].register.dout_$_SDFFE_PP0P__Q_5:CK (DFF_X1) |        | 0.001       | 0.000      | 0.000      |             | 0.000  | 0.000r          |
| clock core_clock (rise edge)                                    |        |             |            |            |             | 0      | 0               |
| clock network delay (ideal)                                     |        |             |            |            |             | 0.000  | 0.000           |
| sCPU_GPR.genblk1[2].register.dout_$_SDFFE_PP0P__Q_5:CK (DFF_X1) |        | 0.001       | 0.000      | 0.000      |             | 0.000  | 0.000r          |
| sCPU_GPR.genblk1[2].register.dout_$_SDFFE_PP0P__Q_5:Q (DFF_X1)  |        | 0.002       | 0.000      | 0.005      |             | 0.052  | 0.052f          |
| sCPU_GPR.GPRdata[2][2] (net)                                    | 2      |             |            |            | 0.000       |        |                 |
| _338_:A2 (AOI22_X1)                                             |        | 0.002       | 0.000      | 0.005      |             | 0.000  | 0.052f          |
| _338_:ZN (AOI22_X1)                                             |        | 0.002       | 0.000      | 0.010      |             | 0.013  | 0.065r          |
| _069_ (net)                                                     | 1      |             |            |            | 0.000       |        |                 |
| _340_:A1 (NAND2_X1)                                             |        | 0.002       | 0.000      | 0.010      |             | 0.000  | 0.065r          |
| _340_:ZN (NAND2_X1)                                             |        | 0.001       | 0.000      | 0.006      |             | 0.010  | 0.075f          |
| _071_ (net)                                                     | 1      |             |            |            | 0.000       |        |                 |
| _342_:A1 (NOR2_X1)                                              |        | 0.002       | 0.000      | 0.006      |             | 0.000  | 0.075f          |
| _342_:ZN (NOR2_X1)                                              |        | 0.014       | 0.000      | 0.038      |             | 0.045  | 0.119r          |
| _073_ (net)                                                     | 9      |             |            |            | 0.000       |        |                 |
| _343_:A (INV_X1)                                                |        | 0.002       | 0.000      | 0.038      |             | 0.000  | 0.119r          |
| _343_:ZN (INV_X1)                                               |        | 0.009       | 0.000      | 0.016      |             | 0.018  | 0.138f          |
| _074_ (net)                                                     | 5      |             |            |            | 0.000       |        |                 |
| _344_:B (XNOR2_X1)                                              |        | 0.003       | 0.000      | 0.016      |             | 0.000  | 0.138f          |
| _344_:ZN (XNOR2_X1)                                             |        | 0.003       | 0.000      | 0.016      |             | 0.025  | 0.163r          |
| _075_ (net)                                                     | 2      |             |            |            | 0.000       |        |                 |
| _345_:A (INV_X1)                                                |        | 0.002       | 0.000      | 0.016      |             | 0.000  | 0.163r          |
| _345_:ZN (INV_X1)                                               |        | 0.010       | 0.000      | 0.011      |             | 0.016  | 0.179f          |
| _076_ (net)                                                     | 3      |             |            |            | 0.000       |        |                 |
| _411_:A2 (NOR3_X4)                                              |        | 0.006       | 0.000      | 0.011      |             | 0.000  | 0.179f          |
| _411_:ZN (NOR3_X4)                                              |        | 0.007       | 0.000      | 0.015      |             | 0.025  | 0.204r          |
| _138_ (net)                                                     | 1      |             |            |            | 0.000       |        |                 |
| _414_:A1 (NOR2_X4)                                              |        | 0.007       | 0.000      | 0.015      |             | 0.000  | 0.204r          |
| _414_:ZN (NOR2_X4)                                              |        | 0.007       | 0.000      | 0.008      |             | 0.007  | 0.211f          |
| _141_ (net)                                                     | 4      |             |            |            | 0.000       |        |                 |
| _415_:A1 (OR3_X4)                                               |        | 0.003       | 0.000      | 0.008      |             | 0.000  | 0.211f          |
| _415_:ZN (OR3_X4)                                               |        | 0.003       | 0.000      | 0.007      |             | 0.030  | 0.240f          |
| _142_ (net)                                                     | 1      |             |            |            | 0.000       |        |                 |
| _417_:A1 (AND3_X4)                                              |        | 0.003       | 0.000      | 0.007      |             | 0.000  | 0.240f          |
| _417_:ZN (AND3_X4)                                              |        | 0.009       | 0.000      | 0.005      |             | 0.018  | 0.258f          |
| _144_ (net)                                                     | 3      |             |            |            | 0.000       |        |                 |
| _418_:A1 (NOR2_X4)                                              |        | 0.007       | 0.000      | 0.005      |             | 0.000  | 0.258f          |
| _418_:ZN (NOR2_X4)                                              |        | 0.005       | 0.000      | 0.009      |             | 0.011  | 0.270r          |
| _145_ (net)                                                     | 2      |             |            |            | 0.000       |        |                 |
| _421_:B1 (OAI21_X1)                                             |        | 0.002       | 0.000      | 0.009      |             | 0.000  | 0.270r          |
| _421_:ZN (OAI21_X1)                                             |        | 0.001       | 0.000      | 0.010      |             | 0.010  | 0.280f          |
| _148_ (net)                                                     | 1      |             |            |            | 0.000       |        |                 |
| _422_:B2 (AOI21_X1)                                             |        | 0.002       | 0.000      | 0.010      |             | 0.000  | 0.280f          |
| _422_:ZN (AOI21_X1)                                             |        | 0.005       | 0.000      | 0.019      |             | 0.026  | 0.306r          |
| _004_ (net)                                                     | 4      |             |            |            | 0.000       |        |                 |
| sCPU_GPR.genblk1[0].register.dout_$_SDFFE_PP0P__Q:D (DFF_X1)    |        | 0.001       | 0.000      | 0.019      |             | 0.000  | 0.306r          |
|                                                                 |        |             |            |            |             |        |                 |
| clk (port)                                                      |        | 0.009       | 0.000      | 0.000      |             | 0.000  | 0.000r          |
| clk (clock net)                                                 | 5      |             |            |            | NA          |        |                 |
| _521_:CK (CLKGATE_X1)                                           |        | 0.002       | 0.000      | 0.000      |             | 0.000  | 0.000r          |
| _521_:GCK (CLKGATE_X1)                                          |        | 0.008       | 0.000      | 0.000      |             | 0.000  | 0.000r          |
| _238_ (clock net)                                               | 8      |             |            |            | NA          |        |                 |
| sCPU_GPR.genblk1[0].register.dout_$_SDFFE_PP0P__Q:CK (DFF_X1)   |        | 0.001       | 0.000      | 0.000      |             | 0.000  | 0.000r          |
| clock core_clock (rise edge)                                    |        |             |            |            |             | 2      | 2               |
| clock network delay (ideal)                                     |        |             |            |            |             | 0.000  | 2.000           |
| sCPU_GPR.genblk1[0].register.dout_$_SDFFE_PP0P__Q:CK (DFF_X1)   |        |             |            |            |             |        | 2.000r          |
| library setup time                                              |        |             |            |            |             | -0.025 | 1.975           |
| clock reconvergence pessimism                                   |        |             |            |            |             | 0.000  | 1.975           |
|                                                                 |        |             |            |            |             |        |                 |
| path cell delay                                                 |        |             |            |            |             |        | 0.306(100.000%) |
| path net delay                                                  |        |             |            |            |             |        | 0.000(0.000%)   |
|                                                                 |        |             |            |            |             |        |                 |
| data require time                                               |        |             |            |            |             |        | 1.975           |
| data arrival time                                               |        |             |            |            |             |        | 0.306           |
| slack (MET)                                                     |        |             |            |            |             |        | 1.668           |
+-----------------------------------------------------------------+--------+-------------+------------+------------+-------------+--------+-----------------+
+-----------------------------------------------------------------+--------+-------------+------------+------------+-------------+--------+-----------------+
| Point                                                           | Fanout | Capacitance | Resistance | Transition | Delta Delay | Incr   | Path            |
+-----------------------------------------------------------------+--------+-------------+------------+------------+-------------+--------+-----------------+
| clk (port)                                                      |        | 0.009       | 0.000      | 0.000      |             | 0.000  | 0.000r          |
| clk (clock net)                                                 | 5      |             |            |            | NA          |        |                 |
| _519_:CK (CLKGATE_X1)                                           |        | 0.002       | 0.000      | 0.000      |             | 0.000  | 0.000r          |
| _519_:GCK (CLKGATE_X1)                                          |        | 0.008       | 0.000      | 0.000      |             | 0.000  | 0.000r          |
| _236_ (clock net)                                               | 8      |             |            |            | NA          |        |                 |
| sCPU_GPR.genblk1[2].register.dout_$_SDFFE_PP0P__Q_5:CK (DFF_X1) |        | 0.001       | 0.000      | 0.000      |             | 0.000  | 0.000r          |
| clock core_clock (rise edge)                                    |        |             |            |            |             | 0      | 0               |
| clock network delay (ideal)                                     |        |             |            |            |             | 0.000  | 0.000           |
| sCPU_GPR.genblk1[2].register.dout_$_SDFFE_PP0P__Q_5:CK (DFF_X1) |        | 0.001       | 0.000      | 0.000      |             | 0.000  | 0.000r          |
| sCPU_GPR.genblk1[2].register.dout_$_SDFFE_PP0P__Q_5:Q (DFF_X1)  |        | 0.002       | 0.000      | 0.005      |             | 0.052  | 0.052f          |
| sCPU_GPR.GPRdata[2][2] (net)                                    | 2      |             |            |            | 0.000       |        |                 |
| _338_:A2 (AOI22_X1)                                             |        | 0.002       | 0.000      | 0.005      |             | 0.000  | 0.052f          |
| _338_:ZN (AOI22_X1)                                             |        | 0.002       | 0.000      | 0.010      |             | 0.013  | 0.065r          |
| _069_ (net)                                                     | 1      |             |            |            | 0.000       |        |                 |
| _340_:A1 (NAND2_X1)                                             |        | 0.002       | 0.000      | 0.010      |             | 0.000  | 0.065r          |
| _340_:ZN (NAND2_X1)                                             |        | 0.001       | 0.000      | 0.006      |             | 0.010  | 0.075f          |
| _071_ (net)                                                     | 1      |             |            |            | 0.000       |        |                 |
| _342_:A1 (NOR2_X1)                                              |        | 0.002       | 0.000      | 0.006      |             | 0.000  | 0.075f          |
| _342_:ZN (NOR2_X1)                                              |        | 0.014       | 0.000      | 0.038      |             | 0.045  | 0.119r          |
| _073_ (net)                                                     | 9      |             |            |            | 0.000       |        |                 |
| _343_:A (INV_X1)                                                |        | 0.002       | 0.000      | 0.038      |             | 0.000  | 0.119r          |
| _343_:ZN (INV_X1)                                               |        | 0.009       | 0.000      | 0.016      |             | 0.018  | 0.138f          |
| _074_ (net)                                                     | 5      |             |            |            | 0.000       |        |                 |
| _344_:B (XNOR2_X1)                                              |        | 0.003       | 0.000      | 0.016      |             | 0.000  | 0.138f          |
| _344_:ZN (XNOR2_X1)                                             |        | 0.003       | 0.000      | 0.016      |             | 0.025  | 0.163r          |
| _075_ (net)                                                     | 2      |             |            |            | 0.000       |        |                 |
| _345_:A (INV_X1)                                                |        | 0.002       | 0.000      | 0.016      |             | 0.000  | 0.163r          |
| _345_:ZN (INV_X1)                                               |        | 0.010       | 0.000      | 0.011      |             | 0.016  | 0.179f          |
| _076_ (net)                                                     | 3      |             |            |            | 0.000       |        |                 |
| _411_:A2 (NOR3_X4)                                              |        | 0.006       | 0.000      | 0.011      |             | 0.000  | 0.179f          |
| _411_:ZN (NOR3_X4)                                              |        | 0.007       | 0.000      | 0.015      |             | 0.025  | 0.204r          |
| _138_ (net)                                                     | 1      |             |            |            | 0.000       |        |                 |
| _414_:A1 (NOR2_X4)                                              |        | 0.007       | 0.000      | 0.015      |             | 0.000  | 0.204r          |
| _414_:ZN (NOR2_X4)                                              |        | 0.007       | 0.000      | 0.008      |             | 0.007  | 0.211f          |
| _141_ (net)                                                     | 4      |             |            |            | 0.000       |        |                 |
| _415_:A1 (OR3_X4)                                               |        | 0.003       | 0.000      | 0.008      |             | 0.000  | 0.211f          |
| _415_:ZN (OR3_X4)                                               |        | 0.003       | 0.000      | 0.007      |             | 0.030  | 0.240f          |
| _142_ (net)                                                     | 1      |             |            |            | 0.000       |        |                 |
| _417_:A1 (AND3_X4)                                              |        | 0.003       | 0.000      | 0.007      |             | 0.000  | 0.240f          |
| _417_:ZN (AND3_X4)                                              |        | 0.009       | 0.000      | 0.005      |             | 0.018  | 0.258f          |
| _144_ (net)                                                     | 3      |             |            |            | 0.000       |        |                 |
| _418_:A1 (NOR2_X4)                                              |        | 0.007       | 0.000      | 0.005      |             | 0.000  | 0.258f          |
| _418_:ZN (NOR2_X4)                                              |        | 0.005       | 0.000      | 0.009      |             | 0.011  | 0.270r          |
| _145_ (net)                                                     | 2      |             |            |            | 0.000       |        |                 |
| _421_:B1 (OAI21_X1)                                             |        | 0.002       | 0.000      | 0.009      |             | 0.000  | 0.270r          |
| _421_:ZN (OAI21_X1)                                             |        | 0.001       | 0.000      | 0.010      |             | 0.010  | 0.280f          |
| _148_ (net)                                                     | 1      |             |            |            | 0.000       |        |                 |
| _422_:B2 (AOI21_X1)                                             |        | 0.002       | 0.000      | 0.010      |             | 0.000  | 0.280f          |
| _422_:ZN (AOI21_X1)                                             |        | 0.005       | 0.000      | 0.019      |             | 0.026  | 0.306r          |
| _004_ (net)                                                     | 4      |             |            |            | 0.000       |        |                 |
| sCPU_GPR.genblk1[3].register.dout_$_SDFFE_PP0P__Q:D (DFF_X1)    |        | 0.001       | 0.000      | 0.019      |             | 0.000  | 0.306r          |
|                                                                 |        |             |            |            |             |        |                 |
| clk (port)                                                      |        | 0.009       | 0.000      | 0.000      |             | 0.000  | 0.000r          |
| clk (clock net)                                                 | 5      |             |            |            | NA          |        |                 |
| _518_:CK (CLKGATE_X1)                                           |        | 0.002       | 0.000      | 0.000      |             | 0.000  | 0.000r          |
| _518_:GCK (CLKGATE_X1)                                          |        | 0.008       | 0.000      | 0.000      |             | 0.000  | 0.000r          |
| _235_ (clock net)                                               | 8      |             |            |            | NA          |        |                 |
| sCPU_GPR.genblk1[3].register.dout_$_SDFFE_PP0P__Q:CK (DFF_X1)   |        | 0.001       | 0.000      | 0.000      |             | 0.000  | 0.000r          |
| clock core_clock (rise edge)                                    |        |             |            |            |             | 2      | 2               |
| clock network delay (ideal)                                     |        |             |            |            |             | 0.000  | 2.000           |
| sCPU_GPR.genblk1[3].register.dout_$_SDFFE_PP0P__Q:CK (DFF_X1)   |        |             |            |            |             |        | 2.000r          |
| library setup time                                              |        |             |            |            |             | -0.025 | 1.975           |
| clock reconvergence pessimism                                   |        |             |            |            |             | 0.000  | 1.975           |
|                                                                 |        |             |            |            |             |        |                 |
| path cell delay                                                 |        |             |            |            |             |        | 0.306(100.000%) |
| path net delay                                                  |        |             |            |            |             |        | 0.000(0.000%)   |
|                                                                 |        |             |            |            |             |        |                 |
| data require time                                               |        |             |            |            |             |        | 1.975           |
| data arrival time                                               |        |             |            |            |             |        | 0.306           |
| slack (MET)                                                     |        |             |            |            |             |        | 1.668           |
+-----------------------------------------------------------------+--------+-------------+------------+------------+-------------+--------+-----------------+
+-----------------------------------------------------------------+--------+-------------+------------+------------+-------------+--------+-----------------+
| Point                                                           | Fanout | Capacitance | Resistance | Transition | Delta Delay | Incr   | Path            |
+-----------------------------------------------------------------+--------+-------------+------------+------------+-------------+--------+-----------------+
| clk (port)                                                      |        | 0.009       | 0.000      | 0.000      |             | 0.000  | 0.000r          |
| clk (clock net)                                                 | 5      |             |            |            | NA          |        |                 |
| _519_:CK (CLKGATE_X1)                                           |        | 0.002       | 0.000      | 0.000      |             | 0.000  | 0.000r          |
| _519_:GCK (CLKGATE_X1)                                          |        | 0.008       | 0.000      | 0.000      |             | 0.000  | 0.000r          |
| _236_ (clock net)                                               | 8      |             |            |            | NA          |        |                 |
| sCPU_GPR.genblk1[2].register.dout_$_SDFFE_PP0P__Q_5:CK (DFF_X1) |        | 0.001       | 0.000      | 0.000      |             | 0.000  | 0.000r          |
| clock core_clock (rise edge)                                    |        |             |            |            |             | 0      | 0               |
| clock network delay (ideal)                                     |        |             |            |            |             | 0.000  | 0.000           |
| sCPU_GPR.genblk1[2].register.dout_$_SDFFE_PP0P__Q_5:CK (DFF_X1) |        | 0.001       | 0.000      | 0.000      |             | 0.000  | 0.000r          |
| sCPU_GPR.genblk1[2].register.dout_$_SDFFE_PP0P__Q_5:Q (DFF_X1)  |        | 0.002       | 0.000      | 0.005      |             | 0.052  | 0.052f          |
| sCPU_GPR.GPRdata[2][2] (net)                                    | 2      |             |            |            | 0.000       |        |                 |
| _338_:A2 (AOI22_X1)                                             |        | 0.002       | 0.000      | 0.005      |             | 0.000  | 0.052f          |
| _338_:ZN (AOI22_X1)                                             |        | 0.002       | 0.000      | 0.010      |             | 0.013  | 0.065r          |
| _069_ (net)                                                     | 1      |             |            |            | 0.000       |        |                 |
| _340_:A1 (NAND2_X1)                                             |        | 0.002       | 0.000      | 0.010      |             | 0.000  | 0.065r          |
| _340_:ZN (NAND2_X1)                                             |        | 0.001       | 0.000      | 0.006      |             | 0.010  | 0.075f          |
| _071_ (net)                                                     | 1      |             |            |            | 0.000       |        |                 |
| _342_:A1 (NOR2_X1)                                              |        | 0.002       | 0.000      | 0.006      |             | 0.000  | 0.075f          |
| _342_:ZN (NOR2_X1)                                              |        | 0.014       | 0.000      | 0.038      |             | 0.045  | 0.119r          |
| _073_ (net)                                                     | 9      |             |            |            | 0.000       |        |                 |
| _343_:A (INV_X1)                                                |        | 0.002       | 0.000      | 0.038      |             | 0.000  | 0.119r          |
| _343_:ZN (INV_X1)                                               |        | 0.009       | 0.000      | 0.016      |             | 0.018  | 0.138f          |
| _074_ (net)                                                     | 5      |             |            |            | 0.000       |        |                 |
| _344_:B (XNOR2_X1)                                              |        | 0.003       | 0.000      | 0.016      |             | 0.000  | 0.138f          |
| _344_:ZN (XNOR2_X1)                                             |        | 0.003       | 0.000      | 0.016      |             | 0.025  | 0.163r          |
| _075_ (net)                                                     | 2      |             |            |            | 0.000       |        |                 |
| _345_:A (INV_X1)                                                |        | 0.002       | 0.000      | 0.016      |             | 0.000  | 0.163r          |
| _345_:ZN (INV_X1)                                               |        | 0.010       | 0.000      | 0.011      |             | 0.016  | 0.179f          |
| _076_ (net)                                                     | 3      |             |            |            | 0.000       |        |                 |
| _411_:A2 (NOR3_X4)                                              |        | 0.006       | 0.000      | 0.011      |             | 0.000  | 0.179f          |
| _411_:ZN (NOR3_X4)                                              |        | 0.007       | 0.000      | 0.015      |             | 0.025  | 0.204r          |
| _138_ (net)                                                     | 1      |             |            |            | 0.000       |        |                 |
| _414_:A1 (NOR2_X4)                                              |        | 0.007       | 0.000      | 0.015      |             | 0.000  | 0.204r          |
| _414_:ZN (NOR2_X4)                                              |        | 0.007       | 0.000      | 0.008      |             | 0.007  | 0.211f          |
| _141_ (net)                                                     | 4      |             |            |            | 0.000       |        |                 |
| _415_:A1 (OR3_X4)                                               |        | 0.003       | 0.000      | 0.008      |             | 0.000  | 0.211f          |
| _415_:ZN (OR3_X4)                                               |        | 0.003       | 0.000      | 0.007      |             | 0.030  | 0.240f          |
| _142_ (net)                                                     | 1      |             |            |            | 0.000       |        |                 |
| _417_:A1 (AND3_X4)                                              |        | 0.003       | 0.000      | 0.007      |             | 0.000  | 0.240f          |
| _417_:ZN (AND3_X4)                                              |        | 0.009       | 0.000      | 0.005      |             | 0.018  | 0.258f          |
| _144_ (net)                                                     | 3      |             |            |            | 0.000       |        |                 |
| _418_:A1 (NOR2_X4)                                              |        | 0.007       | 0.000      | 0.005      |             | 0.000  | 0.258f          |
| _418_:ZN (NOR2_X4)                                              |        | 0.005       | 0.000      | 0.009      |             | 0.011  | 0.270r          |
| _145_ (net)                                                     | 2      |             |            |            | 0.000       |        |                 |
| _421_:B1 (OAI21_X1)                                             |        | 0.002       | 0.000      | 0.009      |             | 0.000  | 0.270r          |
| _421_:ZN (OAI21_X1)                                             |        | 0.001       | 0.000      | 0.010      |             | 0.010  | 0.280f          |
| _148_ (net)                                                     | 1      |             |            |            | 0.000       |        |                 |
| _422_:B2 (AOI21_X1)                                             |        | 0.002       | 0.000      | 0.010      |             | 0.000  | 0.280f          |
| _422_:ZN (AOI21_X1)                                             |        | 0.005       | 0.000      | 0.019      |             | 0.026  | 0.306r          |
| _004_ (net)                                                     | 4      |             |            |            | 0.000       |        |                 |
| sCPU_GPR.genblk1[2].register.dout_$_SDFFE_PP0P__Q:D (DFF_X1)    |        | 0.001       | 0.000      | 0.019      |             | 0.000  | 0.306r          |
|                                                                 |        |             |            |            |             |        |                 |
| clk (port)                                                      |        | 0.009       | 0.000      | 0.000      |             | 0.000  | 0.000r          |
| clk (clock net)                                                 | 5      |             |            |            | NA          |        |                 |
| _519_:CK (CLKGATE_X1)                                           |        | 0.002       | 0.000      | 0.000      |             | 0.000  | 0.000r          |
| _519_:GCK (CLKGATE_X1)                                          |        | 0.008       | 0.000      | 0.000      |             | 0.000  | 0.000r          |
| _236_ (clock net)                                               | 8      |             |            |            | NA          |        |                 |
| sCPU_GPR.genblk1[2].register.dout_$_SDFFE_PP0P__Q:CK (DFF_X1)   |        | 0.001       | 0.000      | 0.000      |             | 0.000  | 0.000r          |
| clock core_clock (rise edge)                                    |        |             |            |            |             | 2      | 2               |
| clock network delay (ideal)                                     |        |             |            |            |             | 0.000  | 2.000           |
| sCPU_GPR.genblk1[2].register.dout_$_SDFFE_PP0P__Q:CK (DFF_X1)   |        |             |            |            |             |        | 2.000r          |
| library setup time                                              |        |             |            |            |             | -0.025 | 1.975           |
| clock reconvergence pessimism                                   |        |             |            |            |             | 0.000  | 1.975           |
|                                                                 |        |             |            |            |             |        |                 |
| path cell delay                                                 |        |             |            |            |             |        | 0.306(100.000%) |
| path net delay                                                  |        |             |            |            |             |        | 0.000(0.000%)   |
|                                                                 |        |             |            |            |             |        |                 |
| data require time                                               |        |             |            |            |             |        | 1.975           |
| data arrival time                                               |        |             |            |            |             |        | 0.306           |
| slack (MET)                                                     |        |             |            |            |             |        | 1.668           |
+-----------------------------------------------------------------+--------+-------------+------------+------------+-------------+--------+-----------------+
+-----------------------------------------------------------------+--------+-------------+------------+------------+-------------+--------+-----------------+
| Point                                                           | Fanout | Capacitance | Resistance | Transition | Delta Delay | Incr   | Path            |
+-----------------------------------------------------------------+--------+-------------+------------+------------+-------------+--------+-----------------+
| clk (port)                                                      |        | 0.009       | 0.000      | 0.000      |             | 0.000  | 0.000r          |
| clk (clock net)                                                 | 5      |             |            |            | NA          |        |                 |
| _519_:CK (CLKGATE_X1)                                           |        | 0.002       | 0.000      | 0.000      |             | 0.000  | 0.000r          |
| _519_:GCK (CLKGATE_X1)                                          |        | 0.008       | 0.000      | 0.000      |             | 0.000  | 0.000r          |
| _236_ (clock net)                                               | 8      |             |            |            | NA          |        |                 |
| sCPU_GPR.genblk1[2].register.dout_$_SDFFE_PP0P__Q_5:CK (DFF_X1) |        | 0.001       | 0.000      | 0.000      |             | 0.000  | 0.000r          |
| clock core_clock (rise edge)                                    |        |             |            |            |             | 0      | 0               |
| clock network delay (ideal)                                     |        |             |            |            |             | 0.000  | 0.000           |
| sCPU_GPR.genblk1[2].register.dout_$_SDFFE_PP0P__Q_5:CK (DFF_X1) |        | 0.001       | 0.000      | 0.000      |             | 0.000  | 0.000r          |
| sCPU_GPR.genblk1[2].register.dout_$_SDFFE_PP0P__Q_5:Q (DFF_X1)  |        | 0.002       | 0.000      | 0.005      |             | 0.052  | 0.052f          |
| sCPU_GPR.GPRdata[2][2] (net)                                    | 2      |             |            |            | 0.000       |        |                 |
| _338_:A2 (AOI22_X1)                                             |        | 0.002       | 0.000      | 0.005      |             | 0.000  | 0.052f          |
| _338_:ZN (AOI22_X1)                                             |        | 0.002       | 0.000      | 0.010      |             | 0.013  | 0.065r          |
| _069_ (net)                                                     | 1      |             |            |            | 0.000       |        |                 |
| _340_:A1 (NAND2_X1)                                             |        | 0.002       | 0.000      | 0.010      |             | 0.000  | 0.065r          |
| _340_:ZN (NAND2_X1)                                             |        | 0.001       | 0.000      | 0.006      |             | 0.010  | 0.075f          |
| _071_ (net)                                                     | 1      |             |            |            | 0.000       |        |                 |
| _342_:A1 (NOR2_X1)                                              |        | 0.002       | 0.000      | 0.006      |             | 0.000  | 0.075f          |
| _342_:ZN (NOR2_X1)                                              |        | 0.014       | 0.000      | 0.038      |             | 0.045  | 0.119r          |
| _073_ (net)                                                     | 9      |             |            |            | 0.000       |        |                 |
| _343_:A (INV_X1)                                                |        | 0.002       | 0.000      | 0.038      |             | 0.000  | 0.119r          |
| _343_:ZN (INV_X1)                                               |        | 0.009       | 0.000      | 0.016      |             | 0.018  | 0.138f          |
| _074_ (net)                                                     | 5      |             |            |            | 0.000       |        |                 |
| _344_:B (XNOR2_X1)                                              |        | 0.003       | 0.000      | 0.016      |             | 0.000  | 0.138f          |
| _344_:ZN (XNOR2_X1)                                             |        | 0.003       | 0.000      | 0.016      |             | 0.025  | 0.163r          |
| _075_ (net)                                                     | 2      |             |            |            | 0.000       |        |                 |
| _345_:A (INV_X1)                                                |        | 0.002       | 0.000      | 0.016      |             | 0.000  | 0.163r          |
| _345_:ZN (INV_X1)                                               |        | 0.010       | 0.000      | 0.011      |             | 0.016  | 0.179f          |
| _076_ (net)                                                     | 3      |             |            |            | 0.000       |        |                 |
| _411_:A2 (NOR3_X4)                                              |        | 0.006       | 0.000      | 0.011      |             | 0.000  | 0.179f          |
| _411_:ZN (NOR3_X4)                                              |        | 0.007       | 0.000      | 0.015      |             | 0.025  | 0.204r          |
| _138_ (net)                                                     | 1      |             |            |            | 0.000       |        |                 |
| _414_:A1 (NOR2_X4)                                              |        | 0.007       | 0.000      | 0.015      |             | 0.000  | 0.204r          |
| _414_:ZN (NOR2_X4)                                              |        | 0.007       | 0.000      | 0.008      |             | 0.007  | 0.211f          |
| _141_ (net)                                                     | 4      |             |            |            | 0.000       |        |                 |
| _415_:A1 (OR3_X4)                                               |        | 0.003       | 0.000      | 0.008      |             | 0.000  | 0.211f          |
| _415_:ZN (OR3_X4)                                               |        | 0.003       | 0.000      | 0.007      |             | 0.030  | 0.240f          |
| _142_ (net)                                                     | 1      |             |            |            | 0.000       |        |                 |
| _417_:A1 (AND3_X4)                                              |        | 0.003       | 0.000      | 0.007      |             | 0.000  | 0.240f          |
| _417_:ZN (AND3_X4)                                              |        | 0.009       | 0.000      | 0.005      |             | 0.018  | 0.258f          |
| _144_ (net)                                                     | 3      |             |            |            | 0.000       |        |                 |
| _418_:A1 (NOR2_X4)                                              |        | 0.007       | 0.000      | 0.005      |             | 0.000  | 0.258f          |
| _418_:ZN (NOR2_X4)                                              |        | 0.005       | 0.000      | 0.009      |             | 0.011  | 0.270r          |
| _145_ (net)                                                     | 2      |             |            |            | 0.000       |        |                 |
| _421_:B1 (OAI21_X1)                                             |        | 0.002       | 0.000      | 0.009      |             | 0.000  | 0.270r          |
| _421_:ZN (OAI21_X1)                                             |        | 0.001       | 0.000      | 0.010      |             | 0.010  | 0.280f          |
| _148_ (net)                                                     | 1      |             |            |            | 0.000       |        |                 |
| _422_:B2 (AOI21_X1)                                             |        | 0.002       | 0.000      | 0.010      |             | 0.000  | 0.280f          |
| _422_:ZN (AOI21_X1)                                             |        | 0.005       | 0.000      | 0.019      |             | 0.026  | 0.306r          |
| _004_ (net)                                                     | 4      |             |            |            | 0.000       |        |                 |
| sCPU_GPR.genblk1[2].register.dout_$_SDFFE_PP0P__Q:D (DFF_X1)    |        | 0.001       | 0.000      | 0.019      |             | 0.000  | 0.306r          |
|                                                                 |        |             |            |            |             |        |                 |
| clk (port)                                                      |        | 0.009       | 0.000      | 0.000      |             | 0.000  | 0.000r          |
| clk (clock net)                                                 | 5      |             |            |            | NA          |        |                 |
| _519_:CK (CLKGATE_X1)                                           |        | 0.002       | 0.000      | 0.000      |             | 0.000  | 0.000r          |
| _519_:GCK (CLKGATE_X1)                                          |        | 0.008       | 0.000      | 0.000      |             | 0.000  | 0.000r          |
| _236_ (clock net)                                               | 8      |             |            |            | NA          |        |                 |
| sCPU_GPR.genblk1[2].register.dout_$_SDFFE_PP0P__Q:CK (DFF_X1)   |        | 0.001       | 0.000      | 0.000      |             | 0.000  | 0.000r          |
| clock core_clock (rise edge)                                    |        |             |            |            |             | 2      | 2               |
| clock network delay (ideal)                                     |        |             |            |            |             | 0.000  | 2.000           |
| sCPU_GPR.genblk1[2].register.dout_$_SDFFE_PP0P__Q:CK (DFF_X1)   |        |             |            |            |             |        | 2.000r          |
| library setup time                                              |        |             |            |            |             | -0.025 | 1.975           |
| clock reconvergence pessimism                                   |        |             |            |            |             | 0.000  | 1.975           |
|                                                                 |        |             |            |            |             |        |                 |
| path cell delay                                                 |        |             |            |            |             |        | 0.306(100.000%) |
| path net delay                                                  |        |             |            |            |             |        | 0.000(0.000%)   |
|                                                                 |        |             |            |            |             |        |                 |
| data require time                                               |        |             |            |            |             |        | 1.975           |
| data arrival time                                               |        |             |            |            |             |        | 0.306           |
| slack (MET)                                                     |        |             |            |            |             |        | 1.668           |
+-----------------------------------------------------------------+--------+-------------+------------+------------+-------------+--------+-----------------+
+-----------------------------------------------------------------+--------+-------------+------------+------------+-------------+--------+-----------------+
| Point                                                           | Fanout | Capacitance | Resistance | Transition | Delta Delay | Incr   | Path            |
+-----------------------------------------------------------------+--------+-------------+------------+------------+-------------+--------+-----------------+
| clk (port)                                                      |        | 0.009       | 0.000      | 0.000      |             | 0.000  | 0.000r          |
| clk (clock net)                                                 | 5      |             |            |            | NA          |        |                 |
| _519_:CK (CLKGATE_X1)                                           |        | 0.002       | 0.000      | 0.000      |             | 0.000  | 0.000r          |
| _519_:GCK (CLKGATE_X1)                                          |        | 0.008       | 0.000      | 0.000      |             | 0.000  | 0.000r          |
| _236_ (clock net)                                               | 8      |             |            |            | NA          |        |                 |
| sCPU_GPR.genblk1[2].register.dout_$_SDFFE_PP0P__Q_5:CK (DFF_X1) |        | 0.001       | 0.000      | 0.000      |             | 0.000  | 0.000r          |
| clock core_clock (rise edge)                                    |        |             |            |            |             | 0      | 0               |
| clock network delay (ideal)                                     |        |             |            |            |             | 0.000  | 0.000           |
| sCPU_GPR.genblk1[2].register.dout_$_SDFFE_PP0P__Q_5:CK (DFF_X1) |        | 0.001       | 0.000      | 0.000      |             | 0.000  | 0.000r          |
| sCPU_GPR.genblk1[2].register.dout_$_SDFFE_PP0P__Q_5:Q (DFF_X1)  |        | 0.002       | 0.000      | 0.005      |             | 0.052  | 0.052f          |
| sCPU_GPR.GPRdata[2][2] (net)                                    | 2      |             |            |            | 0.000       |        |                 |
| _338_:A2 (AOI22_X1)                                             |        | 0.002       | 0.000      | 0.005      |             | 0.000  | 0.052f          |
| _338_:ZN (AOI22_X1)                                             |        | 0.002       | 0.000      | 0.010      |             | 0.013  | 0.065r          |
| _069_ (net)                                                     | 1      |             |            |            | 0.000       |        |                 |
| _340_:A1 (NAND2_X1)                                             |        | 0.002       | 0.000      | 0.010      |             | 0.000  | 0.065r          |
| _340_:ZN (NAND2_X1)                                             |        | 0.001       | 0.000      | 0.006      |             | 0.010  | 0.075f          |
| _071_ (net)                                                     | 1      |             |            |            | 0.000       |        |                 |
| _342_:A1 (NOR2_X1)                                              |        | 0.002       | 0.000      | 0.006      |             | 0.000  | 0.075f          |
| _342_:ZN (NOR2_X1)                                              |        | 0.014       | 0.000      | 0.038      |             | 0.045  | 0.119r          |
| _073_ (net)                                                     | 9      |             |            |            | 0.000       |        |                 |
| _343_:A (INV_X1)                                                |        | 0.002       | 0.000      | 0.038      |             | 0.000  | 0.119r          |
| _343_:ZN (INV_X1)                                               |        | 0.009       | 0.000      | 0.016      |             | 0.018  | 0.138f          |
| _074_ (net)                                                     | 5      |             |            |            | 0.000       |        |                 |
| _344_:B (XNOR2_X1)                                              |        | 0.003       | 0.000      | 0.016      |             | 0.000  | 0.138f          |
| _344_:ZN (XNOR2_X1)                                             |        | 0.003       | 0.000      | 0.016      |             | 0.025  | 0.163r          |
| _075_ (net)                                                     | 2      |             |            |            | 0.000       |        |                 |
| _345_:A (INV_X1)                                                |        | 0.002       | 0.000      | 0.016      |             | 0.000  | 0.163r          |
| _345_:ZN (INV_X1)                                               |        | 0.010       | 0.000      | 0.011      |             | 0.016  | 0.179f          |
| _076_ (net)                                                     | 3      |             |            |            | 0.000       |        |                 |
| _411_:A2 (NOR3_X4)                                              |        | 0.006       | 0.000      | 0.011      |             | 0.000  | 0.179f          |
| _411_:ZN (NOR3_X4)                                              |        | 0.007       | 0.000      | 0.015      |             | 0.025  | 0.204r          |
| _138_ (net)                                                     | 1      |             |            |            | 0.000       |        |                 |
| _414_:A1 (NOR2_X4)                                              |        | 0.007       | 0.000      | 0.015      |             | 0.000  | 0.204r          |
| _414_:ZN (NOR2_X4)                                              |        | 0.007       | 0.000      | 0.008      |             | 0.007  | 0.211f          |
| _141_ (net)                                                     | 4      |             |            |            | 0.000       |        |                 |
| _415_:A1 (OR3_X4)                                               |        | 0.003       | 0.000      | 0.008      |             | 0.000  | 0.211f          |
| _415_:ZN (OR3_X4)                                               |        | 0.003       | 0.000      | 0.007      |             | 0.030  | 0.240f          |
| _142_ (net)                                                     | 1      |             |            |            | 0.000       |        |                 |
| _417_:A1 (AND3_X4)                                              |        | 0.003       | 0.000      | 0.007      |             | 0.000  | 0.240f          |
| _417_:ZN (AND3_X4)                                              |        | 0.009       | 0.000      | 0.005      |             | 0.018  | 0.258f          |
| _144_ (net)                                                     | 3      |             |            |            | 0.000       |        |                 |
| _418_:A1 (NOR2_X4)                                              |        | 0.007       | 0.000      | 0.005      |             | 0.000  | 0.258f          |
| _418_:ZN (NOR2_X4)                                              |        | 0.005       | 0.000      | 0.009      |             | 0.011  | 0.270r          |
| _145_ (net)                                                     | 2      |             |            |            | 0.000       |        |                 |
| _421_:B1 (OAI21_X1)                                             |        | 0.002       | 0.000      | 0.009      |             | 0.000  | 0.270r          |
| _421_:ZN (OAI21_X1)                                             |        | 0.001       | 0.000      | 0.010      |             | 0.010  | 0.280f          |
| _148_ (net)                                                     | 1      |             |            |            | 0.000       |        |                 |
| _422_:B2 (AOI21_X1)                                             |        | 0.002       | 0.000      | 0.010      |             | 0.000  | 0.280f          |
| _422_:ZN (AOI21_X1)                                             |        | 0.005       | 0.000      | 0.019      |             | 0.026  | 0.306r          |
| _004_ (net)                                                     | 4      |             |            |            | 0.000       |        |                 |
| sCPU_GPR.genblk1[3].register.dout_$_SDFFE_PP0P__Q:D (DFF_X1)    |        | 0.001       | 0.000      | 0.019      |             | 0.000  | 0.306r          |
|                                                                 |        |             |            |            |             |        |                 |
| clk (port)                                                      |        | 0.009       | 0.000      | 0.000      |             | 0.000  | 0.000r          |
| clk (clock net)                                                 | 5      |             |            |            | NA          |        |                 |
| _518_:CK (CLKGATE_X1)                                           |        | 0.002       | 0.000      | 0.000      |             | 0.000  | 0.000r          |
| _518_:GCK (CLKGATE_X1)                                          |        | 0.008       | 0.000      | 0.000      |             | 0.000  | 0.000r          |
| _235_ (clock net)                                               | 8      |             |            |            | NA          |        |                 |
| sCPU_GPR.genblk1[3].register.dout_$_SDFFE_PP0P__Q:CK (DFF_X1)   |        | 0.001       | 0.000      | 0.000      |             | 0.000  | 0.000r          |
| clock core_clock (rise edge)                                    |        |             |            |            |             | 2      | 2               |
| clock network delay (ideal)                                     |        |             |            |            |             | 0.000  | 2.000           |
| sCPU_GPR.genblk1[3].register.dout_$_SDFFE_PP0P__Q:CK (DFF_X1)   |        |             |            |            |             |        | 2.000r          |
| library setup time                                              |        |             |            |            |             | -0.025 | 1.975           |
| clock reconvergence pessimism                                   |        |             |            |            |             | 0.000  | 1.975           |
|                                                                 |        |             |            |            |             |        |                 |
| path cell delay                                                 |        |             |            |            |             |        | 0.306(100.000%) |
| path net delay                                                  |        |             |            |            |             |        | 0.000(0.000%)   |
|                                                                 |        |             |            |            |             |        |                 |
| data require time                                               |        |             |            |            |             |        | 1.975           |
| data arrival time                                               |        |             |            |            |             |        | 0.306           |
| slack (MET)                                                     |        |             |            |            |             |        | 1.668           |
+-----------------------------------------------------------------+--------+-------------+------------+------------+-------------+--------+-----------------+
+---------------------------------------+--------+-------------+------------+------------+-------------+--------+-----------------+
| Point                                 | Fanout | Capacitance | Resistance | Transition | Delta Delay | Incr   | Path            |
+---------------------------------------+--------+-------------+------------+------------+-------------+--------+-----------------+
| clk (port)                            |        | 0.009       | 0.000      | 0.000      |             | 0.000  | 0.000r          |
| clk (clock net)                       | 5      |             |            |            | NA          |        |                 |
| _522_:CK (CLKGATE_X1)                 |        | 0.002       | 0.000      | 0.000      |             | 0.000  | 0.000r          |
| _522_:GCK (CLKGATE_X1)                |        | 0.004       | 0.000      | 0.000      |             | 0.000  | 0.000r          |
| _239_ (clock net)                     | 4      |             |            |            | NA          |        |                 |
| PC.dout_$_SDFFE_PP0P__Q_3:CK (DFF_X1) |        | 0.001       | 0.000      | 0.000      |             | 0.000  | 0.000r          |
| clock core_clock (rise edge)          |        |             |            |            |             | 0      | 0               |
| clock network delay (ideal)           |        |             |            |            |             | 0.000  | 0.000           |
| PC.dout_$_SDFFE_PP0P__Q_3:CK (DFF_X1) |        | 0.001       | 0.000      | 0.000      |             | 0.000  | 0.000r          |
| PC.dout_$_SDFFE_PP0P__Q_3:QN (DFF_X1) |        | 0.002       | 0.000      | 0.007      |             | 0.037  | 0.037f          |
| PC.din_$_MUX__Y_3_A (net)             | 1      |             |            |            | 0.000       |        |                 |
| _400_:A (AOI21_X1)                    |        | 0.002       | 0.000      | 0.007      |             | 0.000  | 0.037f          |
| _400_:ZN (AOI21_X1)                   |        | 0.002       | 0.000      | 0.009      |             | 0.016  | 0.053r          |
| _128_ (net)                           | 1      |             |            |            | 0.000       |        |                 |
| _401_:B (AOI211_X1)                   |        | 0.002       | 0.000      | 0.009      |             | 0.000  | 0.053r          |
| _401_:ZN (AOI211_X1)                  |        | 0.001       | 0.000      | 0.006      |             | 0.010  | 0.064f          |
| _003_ (net)                           | 1      |             |            |            | 0.000       |        |                 |
| PC.dout_$_SDFFE_PP0P__Q_3:D (DFF_X1)  |        | 0.001       | 0.000      | 0.006      |             | 0.000  | 0.064f          |
|                                       |        |             |            |            |             |        |                 |
| clk (port)                            |        | 0.009       | 0.000      | 0.000      |             | 0.000  | 0.000r          |
| clk (clock net)                       | 5      |             |            |            | NA          |        |                 |
| _522_:CK (CLKGATE_X1)                 |        | 0.002       | 0.000      | 0.000      |             | 0.000  | 0.000r          |
| _522_:GCK (CLKGATE_X1)                |        | 0.004       | 0.000      | 0.000      |             | 0.000  | 0.000r          |
| _239_ (clock net)                     | 4      |             |            |            | NA          |        |                 |
| PC.dout_$_SDFFE_PP0P__Q_3:CK (DFF_X1) |        | 0.001       | 0.000      | 0.000      |             | 0.000  | 0.000r          |
| clock core_clock (rise edge)          |        |             |            |            |             | 0      | 0               |
| clock network delay (ideal)           |        |             |            |            |             | 0.000  | 0.000           |
| PC.dout_$_SDFFE_PP0P__Q_3:CK (DFF_X1) |        |             |            |            |             |        | 0.000r          |
| library hold time                     |        |             |            |            |             | 0.003  | 0.003           |
| clock reconvergence pessimism         |        |             |            |            |             | -0.000 | 0.003           |
|                                       |        |             |            |            |             |        |                 |
| path cell delay                       |        |             |            |            |             |        | 0.064(100.000%) |
| path net delay                        |        |             |            |            |             |        | 0.000(0.000%)   |
|                                       |        |             |            |            |             |        |                 |
| data require time                     |        |             |            |            |             |        | 0.003           |
| data arrival time                     |        |             |            |            |             |        | 0.064           |
| slack (MET)                           |        |             |            |            |             |        | 0.061           |
+---------------------------------------+--------+-------------+------------+------------+-------------+--------+-----------------+
+---------------------------------------+--------+-------------+------------+------------+-------------+--------+-----------------+
| Point                                 | Fanout | Capacitance | Resistance | Transition | Delta Delay | Incr   | Path            |
+---------------------------------------+--------+-------------+------------+------------+-------------+--------+-----------------+
| clk (port)                            |        | 0.009       | 0.000      | 0.000      |             | 0.000  | 0.000r          |
| clk (clock net)                       | 5      |             |            |            | NA          |        |                 |
| _522_:CK (CLKGATE_X1)                 |        | 0.002       | 0.000      | 0.000      |             | 0.000  | 0.000r          |
| _522_:GCK (CLKGATE_X1)                |        | 0.004       | 0.000      | 0.000      |             | 0.000  | 0.000r          |
| _239_ (clock net)                     | 4      |             |            |            | NA          |        |                 |
| PC.dout_$_SDFFE_PP0P__Q_3:CK (DFF_X1) |        | 0.001       | 0.000      | 0.000      |             | 0.000  | 0.000r          |
| clock core_clock (rise edge)          |        |             |            |            |             | 0      | 0               |
| clock network delay (ideal)           |        |             |            |            |             | 0.000  | 0.000           |
| PC.dout_$_SDFFE_PP0P__Q_3:CK (DFF_X1) |        | 0.001       | 0.000      | 0.000      |             | 0.000  | 0.000r          |
| PC.dout_$_SDFFE_PP0P__Q_3:QN (DFF_X1) |        | 0.002       | 0.000      | 0.007      |             | 0.037  | 0.037f          |
| PC.din_$_MUX__Y_3_A (net)             | 1      |             |            |            | 0.000       |        |                 |
| _400_:A (AOI21_X1)                    |        | 0.002       | 0.000      | 0.007      |             | 0.000  | 0.037f          |
| _400_:ZN (AOI21_X1)                   |        | 0.002       | 0.000      | 0.009      |             | 0.016  | 0.053r          |
| _128_ (net)                           | 1      |             |            |            | 0.000       |        |                 |
| _401_:B (AOI211_X1)                   |        | 0.002       | 0.000      | 0.009      |             | 0.000  | 0.053r          |
| _401_:ZN (AOI211_X1)                  |        | 0.001       | 0.000      | 0.006      |             | 0.010  | 0.064f          |
| _003_ (net)                           | 1      |             |            |            | 0.000       |        |                 |
| PC.dout_$_SDFFE_PP0P__Q_3:D (DFF_X1)  |        | 0.001       | 0.000      | 0.006      |             | 0.000  | 0.064f          |
|                                       |        |             |            |            |             |        |                 |
| clk (port)                            |        | 0.009       | 0.000      | 0.000      |             | 0.000  | 0.000r          |
| clk (clock net)                       | 5      |             |            |            | NA          |        |                 |
| _522_:CK (CLKGATE_X1)                 |        | 0.002       | 0.000      | 0.000      |             | 0.000  | 0.000r          |
| _522_:GCK (CLKGATE_X1)                |        | 0.004       | 0.000      | 0.000      |             | 0.000  | 0.000r          |
| _239_ (clock net)                     | 4      |             |            |            | NA          |        |                 |
| PC.dout_$_SDFFE_PP0P__Q_3:CK (DFF_X1) |        | 0.001       | 0.000      | 0.000      |             | 0.000  | 0.000r          |
| clock core_clock (rise edge)          |        |             |            |            |             | 0      | 0               |
| clock network delay (ideal)           |        |             |            |            |             | 0.000  | 0.000           |
| PC.dout_$_SDFFE_PP0P__Q_3:CK (DFF_X1) |        |             |            |            |             |        | 0.000r          |
| library hold time                     |        |             |            |            |             | 0.003  | 0.003           |
| clock reconvergence pessimism         |        |             |            |            |             | -0.000 | 0.003           |
|                                       |        |             |            |            |             |        |                 |
| path cell delay                       |        |             |            |            |             |        | 0.064(100.000%) |
| path net delay                        |        |             |            |            |             |        | 0.000(0.000%)   |
|                                       |        |             |            |            |             |        |                 |
| data require time                     |        |             |            |            |             |        | 0.003           |
| data arrival time                     |        |             |            |            |             |        | 0.064           |
| slack (MET)                           |        |             |            |            |             |        | 0.061           |
+---------------------------------------+--------+-------------+------------+------------+-------------+--------+-----------------+
+---------------------------------------+--------+-------------+------------+------------+-------------+--------+-----------------+
| Point                                 | Fanout | Capacitance | Resistance | Transition | Delta Delay | Incr   | Path            |
+---------------------------------------+--------+-------------+------------+------------+-------------+--------+-----------------+
| clk (port)                            |        | 0.009       | 0.000      | 0.000      |             | 0.000  | 0.000r          |
| clk (clock net)                       | 5      |             |            |            | NA          |        |                 |
| _522_:CK (CLKGATE_X1)                 |        | 0.002       | 0.000      | 0.000      |             | 0.000  | 0.000r          |
| _522_:GCK (CLKGATE_X1)                |        | 0.004       | 0.000      | 0.000      |             | 0.000  | 0.000r          |
| _239_ (clock net)                     | 4      |             |            |            | NA          |        |                 |
| PC.dout_$_SDFFE_PP0P__Q_3:CK (DFF_X1) |        | 0.001       | 0.000      | 0.000      |             | 0.000  | 0.000r          |
| clock core_clock (rise edge)          |        |             |            |            |             | 0      | 0               |
| clock network delay (ideal)           |        |             |            |            |             | 0.000  | 0.000           |
| PC.dout_$_SDFFE_PP0P__Q_3:CK (DFF_X1) |        | 0.001       | 0.000      | 0.000      |             | 0.000  | 0.000r          |
| PC.dout_$_SDFFE_PP0P__Q_3:QN (DFF_X1) |        | 0.002       | 0.000      | 0.007      |             | 0.040  | 0.040r          |
| PC.din_$_MUX__Y_3_A (net)             | 1      |             |            |            | 0.000       |        |                 |
| _400_:A (AOI21_X1)                    |        | 0.002       | 0.000      | 0.007      |             | 0.000  | 0.040r          |
| _400_:ZN (AOI21_X1)                   |        | 0.002       | 0.000      | 0.006      |             | 0.009  | 0.050f          |
| _128_ (net)                           | 1      |             |            |            | 0.000       |        |                 |
| _401_:B (AOI211_X1)                   |        | 0.002       | 0.000      | 0.006      |             | 0.000  | 0.050f          |
| _401_:ZN (AOI211_X1)                  |        | 0.001       | 0.000      | 0.017      |             | 0.025  | 0.075r          |
| _003_ (net)                           | 1      |             |            |            | 0.000       |        |                 |
| PC.dout_$_SDFFE_PP0P__Q_3:D (DFF_X1)  |        | 0.001       | 0.000      | 0.017      |             | 0.000  | 0.075r          |
|                                       |        |             |            |            |             |        |                 |
| clk (port)                            |        | 0.009       | 0.000      | 0.000      |             | 0.000  | 0.000r          |
| clk (clock net)                       | 5      |             |            |            | NA          |        |                 |
| _522_:CK (CLKGATE_X1)                 |        | 0.002       | 0.000      | 0.000      |             | 0.000  | 0.000r          |
| _522_:GCK (CLKGATE_X1)                |        | 0.004       | 0.000      | 0.000      |             | 0.000  | 0.000r          |
| _239_ (clock net)                     | 4      |             |            |            | NA          |        |                 |
| PC.dout_$_SDFFE_PP0P__Q_3:CK (DFF_X1) |        | 0.001       | 0.000      | 0.000      |             | 0.000  | 0.000r          |
| clock core_clock (rise edge)          |        |             |            |            |             | 0      | 0               |
| clock network delay (ideal)           |        |             |            |            |             | 0.000  | 0.000           |
| PC.dout_$_SDFFE_PP0P__Q_3:CK (DFF_X1) |        |             |            |            |             |        | 0.000r          |
| library hold time                     |        |             |            |            |             | 0.005  | 0.005           |
| clock reconvergence pessimism         |        |             |            |            |             | -0.000 | 0.005           |
|                                       |        |             |            |            |             |        |                 |
| path cell delay                       |        |             |            |            |             |        | 0.075(100.000%) |
| path net delay                        |        |             |            |            |             |        | 0.000(0.000%)   |
|                                       |        |             |            |            |             |        |                 |
| data require time                     |        |             |            |            |             |        | 0.005           |
| data arrival time                     |        |             |            |            |             |        | 0.075           |
| slack (MET)                           |        |             |            |            |             |        | 0.070           |
+---------------------------------------+--------+-------------+------------+------------+-------------+--------+-----------------+
+---------------------------------------+--------+-------------+------------+------------+-------------+--------+-----------------+
| Point                                 | Fanout | Capacitance | Resistance | Transition | Delta Delay | Incr   | Path            |
+---------------------------------------+--------+-------------+------------+------------+-------------+--------+-----------------+
| clk (port)                            |        | 0.009       | 0.000      | 0.000      |             | 0.000  | 0.000r          |
| clk (clock net)                       | 5      |             |            |            | NA          |        |                 |
| _522_:CK (CLKGATE_X1)                 |        | 0.002       | 0.000      | 0.000      |             | 0.000  | 0.000r          |
| _522_:GCK (CLKGATE_X1)                |        | 0.004       | 0.000      | 0.000      |             | 0.000  | 0.000r          |
| _239_ (clock net)                     | 4      |             |            |            | NA          |        |                 |
| PC.dout_$_SDFFE_PP0P__Q_3:CK (DFF_X1) |        | 0.001       | 0.000      | 0.000      |             | 0.000  | 0.000r          |
| clock core_clock (rise edge)          |        |             |            |            |             | 0      | 0               |
| clock network delay (ideal)           |        |             |            |            |             | 0.000  | 0.000           |
| PC.dout_$_SDFFE_PP0P__Q_3:CK (DFF_X1) |        | 0.001       | 0.000      | 0.000      |             | 0.000  | 0.000r          |
| PC.dout_$_SDFFE_PP0P__Q_3:QN (DFF_X1) |        | 0.002       | 0.000      | 0.007      |             | 0.040  | 0.040r          |
| PC.din_$_MUX__Y_3_A (net)             | 1      |             |            |            | 0.000       |        |                 |
| _400_:A (AOI21_X1)                    |        | 0.002       | 0.000      | 0.007      |             | 0.000  | 0.040r          |
| _400_:ZN (AOI21_X1)                   |        | 0.002       | 0.000      | 0.006      |             | 0.009  | 0.050f          |
| _128_ (net)                           | 1      |             |            |            | 0.000       |        |                 |
| _401_:B (AOI211_X1)                   |        | 0.002       | 0.000      | 0.006      |             | 0.000  | 0.050f          |
| _401_:ZN (AOI211_X1)                  |        | 0.001       | 0.000      | 0.017      |             | 0.025  | 0.075r          |
| _003_ (net)                           | 1      |             |            |            | 0.000       |        |                 |
| PC.dout_$_SDFFE_PP0P__Q_3:D (DFF_X1)  |        | 0.001       | 0.000      | 0.017      |             | 0.000  | 0.075r          |
|                                       |        |             |            |            |             |        |                 |
| clk (port)                            |        | 0.009       | 0.000      | 0.000      |             | 0.000  | 0.000r          |
| clk (clock net)                       | 5      |             |            |            | NA          |        |                 |
| _522_:CK (CLKGATE_X1)                 |        | 0.002       | 0.000      | 0.000      |             | 0.000  | 0.000r          |
| _522_:GCK (CLKGATE_X1)                |        | 0.004       | 0.000      | 0.000      |             | 0.000  | 0.000r          |
| _239_ (clock net)                     | 4      |             |            |            | NA          |        |                 |
| PC.dout_$_SDFFE_PP0P__Q_3:CK (DFF_X1) |        | 0.001       | 0.000      | 0.000      |             | 0.000  | 0.000r          |
| clock core_clock (rise edge)          |        |             |            |            |             | 0      | 0               |
| clock network delay (ideal)           |        |             |            |            |             | 0.000  | 0.000           |
| PC.dout_$_SDFFE_PP0P__Q_3:CK (DFF_X1) |        |             |            |            |             |        | 0.000r          |
| library hold time                     |        |             |            |            |             | 0.005  | 0.005           |
| clock reconvergence pessimism         |        |             |            |            |             | -0.000 | 0.005           |
|                                       |        |             |            |            |             |        |                 |
| path cell delay                       |        |             |            |            |             |        | 0.075(100.000%) |
| path net delay                        |        |             |            |            |             |        | 0.000(0.000%)   |
|                                       |        |             |            |            |             |        |                 |
| data require time                     |        |             |            |            |             |        | 0.005           |
| data arrival time                     |        |             |            |            |             |        | 0.075           |
| slack (MET)                           |        |             |            |            |             |        | 0.070           |
+---------------------------------------+--------+-------------+------------+------------+-------------+--------+-----------------+
+---------------------------------------+--------+-------------+------------+------------+-------------+--------+-----------------+
| Point                                 | Fanout | Capacitance | Resistance | Transition | Delta Delay | Incr   | Path            |
+---------------------------------------+--------+-------------+------------+------------+-------------+--------+-----------------+
| clk (port)                            |        | 0.009       | 0.000      | 0.000      |             | 0.000  | 0.000r          |
| clk (clock net)                       | 5      |             |            |            | NA          |        |                 |
| _522_:CK (CLKGATE_X1)                 |        | 0.002       | 0.000      | 0.000      |             | 0.000  | 0.000r          |
| _522_:GCK (CLKGATE_X1)                |        | 0.004       | 0.000      | 0.000      |             | 0.000  | 0.000r          |
| _239_ (clock net)                     | 4      |             |            |            | NA          |        |                 |
| PC.dout_$_SDFFE_PP0P__Q_2:CK (DFF_X1) |        | 0.001       | 0.000      | 0.000      |             | 0.000  | 0.000r          |
| clock core_clock (rise edge)          |        |             |            |            |             | 0      | 0               |
| clock network delay (ideal)           |        |             |            |            |             | 0.000  | 0.000           |
| PC.dout_$_SDFFE_PP0P__Q_2:CK (DFF_X1) |        | 0.001       | 0.000      | 0.000      |             | 0.000  | 0.000r          |
| PC.dout_$_SDFFE_PP0P__Q_2:Q (DFF_X1)  |        | 0.003       | 0.000      | 0.006      |             | 0.053  | 0.053f          |
| ins_addr[1] (net)                     | 3      |             |            |            | 0.000       |        |                 |
| _398_:A (XNOR2_X1)                    |        | 0.002       | 0.000      | 0.006      |             | 0.000  | 0.053f          |
| _398_:ZN (XNOR2_X1)                   |        | 0.002       | 0.000      | 0.010      |             | 0.015  | 0.068r          |
| _127_ (net)                           | 1      |             |            |            | 0.000       |        |                 |
| _399_:C2 (AOI211_X1)                  |        | 0.002       | 0.000      | 0.010      |             | 0.000  | 0.068r          |
| _399_:ZN (AOI211_X1)                  |        | 0.001       | 0.000      | 0.006      |             | 0.012  | 0.080f          |
| _002_ (net)                           | 1      |             |            |            | 0.000       |        |                 |
| PC.dout_$_SDFFE_PP0P__Q_2:D (DFF_X1)  |        | 0.001       | 0.000      | 0.006      |             | 0.000  | 0.080f          |
|                                       |        |             |            |            |             |        |                 |
| clk (port)                            |        | 0.009       | 0.000      | 0.000      |             | 0.000  | 0.000r          |
| clk (clock net)                       | 5      |             |            |            | NA          |        |                 |
| _522_:CK (CLKGATE_X1)                 |        | 0.002       | 0.000      | 0.000      |             | 0.000  | 0.000r          |
| _522_:GCK (CLKGATE_X1)                |        | 0.004       | 0.000      | 0.000      |             | 0.000  | 0.000r          |
| _239_ (clock net)                     | 4      |             |            |            | NA          |        |                 |
| PC.dout_$_SDFFE_PP0P__Q_2:CK (DFF_X1) |        | 0.001       | 0.000      | 0.000      |             | 0.000  | 0.000r          |
| clock core_clock (rise edge)          |        |             |            |            |             | 0      | 0               |
| clock network delay (ideal)           |        |             |            |            |             | 0.000  | 0.000           |
| PC.dout_$_SDFFE_PP0P__Q_2:CK (DFF_X1) |        |             |            |            |             |        | 0.000r          |
| library hold time                     |        |             |            |            |             | 0.003  | 0.003           |
| clock reconvergence pessimism         |        |             |            |            |             | -0.000 | 0.003           |
|                                       |        |             |            |            |             |        |                 |
| path cell delay                       |        |             |            |            |             |        | 0.080(100.000%) |
| path net delay                        |        |             |            |            |             |        | 0.000(0.000%)   |
|                                       |        |             |            |            |             |        |                 |
| data require time                     |        |             |            |            |             |        | 0.003           |
| data arrival time                     |        |             |            |            |             |        | 0.080           |
| slack (MET)                           |        |             |            |            |             |        | 0.077           |
+---------------------------------------+--------+-------------+------------+------------+-------------+--------+-----------------+
